################################################################################
GERT started on host: DESTSM3WK105L86
[TestRunStart = 12.12.2023 at 21:07:23]
[ScriptFile = TS_BoardID_Defined_FKT.txt]
[OPER= kraemerp]

[Project = 0568 msc nanoRISC AM335x]
[Script = [MatNo defined By BoardID] [ProductName defined By BoardID] - Functional Test (incl. BSCAN) - A00.03]
[Product = MSC NANORISC-AM3354-002 PCBFTX]
[Revision = F001]
[BoardID = 1017353207]
[BOARDDATA]
[GUIDATA]
BoardId: 1017353207
MACAddress1: 
CustomerProductRevision: 053
UserSpec2: 002_

[LogData = Start]
Step  1: [I.010.01. Skip if NoChkPHandle]
INFO::FillVariables(0): FillVariables(args=['SkipStepsTilIf', '$PHandleLinkDisable', '==', 'TRUE', 'SKIP END: NoChkPHandle'])

INFO::FillVariables(0): SET [SkipStepsTilIf]
INFO::FillVariables(0): SET [FALSE]
INFO::FillVariables(0): SET [==]
INFO::FillVariables(0): SET [TRUE]
INFO::FillVariables(0): SET [SKIP END: NoChkPHandle]
INFO::SkipStepsTilIf(0): 
#####  Internal Cmd SkipStepsTilIf:
args=[['FALSE', '==', 'TRUE', 'SKIP END: NoChkPHandle']]
INFO::SkipStepsTilIf(0): Comparision failed [FALSE][==][TRUE]
Result: PASS
--------------------
Step  2: [I.010.02. Check PHandle valid]
INFO::FillVariables(0): FillVariables(args=['CheckPHandleValid', '$QS_RouteStep', '$BoardId', '$UsedPhandleID'])

INFO::FillVariables(0): SET [CheckPHandleValid]
INFO::FillVariables(0): SET [FT_FUNCTION]
INFO::FillVariables(0): SET [1017353207]
INFO::FillVariables(0): SET [F60232R8]
INFO::CheckPHandleValid(0): 
#####  Internal Cmd CheckPhandleValid:
args=[['FT_FUNCTION', '1017353207', 'F60232R8']]
INFO::CheckPHandleValid(0): read PHandle list to [1017353207] at [FT_FUNCTION]=[F60232R8]
Result: PASS
--------------------
Step  3: [SKIP END: NoChkPHandle]
INFO::FillVariables(0): FillVariables(args=['LogInfo', 'Needed if check phandle is skipped'])

INFO::FillVariables(0): SET [LogInfo]
INFO::FillVariables(0): SET [Needed if check phandle is skipped]
INFO::Needed if check phandle is skipped
Result: PASS
--------------------
Step  4: [I.020.01. Set Debug Level WaitBSC]
INFO::FillVariables(0): FillVariables(args=['SetDebugLevel', '$_DebugLevel_04'])

INFO::FillVariables(0): SET [SetDebugLevel]
INFO::FillVariables(0): SET [100]
SetDebugLevel::LogModuleCall(INFO): #####  WaitCommon.TSCmd_SetDebugLevel
SetDebugLevel::LogModuleCall(INFO): args= ['SetDebugLevel', '100']
SetDebugLevel::TSCmd_SetDebugLevel(DEBUG): arg for debuglevel = [100]
INFO::LogRecBuff(0): received data:
| exit
| logout
| 
SetDebugLevel::LogRecData(INFO): Time elapsed= 0.01
Result: PASS
--------------------
Step  5: [I.020.02. Set Debug Level WaitC]
INFO::FillVariables(0): FillVariables(args=['SetDebugLevel', '$_DebugLevel_04'])

INFO::FillVariables(0): SET [SetDebugLevel]
INFO::FillVariables(0): SET [100]
SetDebugLevel::LogModuleCall(INFO): #####  WaitCommon.TSCmd_SetDebugLevel
SetDebugLevel::LogModuleCall(INFO): args= ['SetDebugLevel', '100']
SetDebugLevel::TSCmd_SetDebugLevel(DEBUG): arg for debuglevel = [100]
INFO::LogRecBuff(0): received data:
| ./GERT_test_wattchdog.sh
| check if watchdog process exists ..found
| PASS
| root@am335x-nanorisc-004i-013-800x480-lcd:/test_suite/tests/GERT# 
SetDebugLevel::LogRecData(INFO): Time elapsed= 0.00
Result: PASS
--------------------
Step  6: [I.020.03. Set DbgLevel PwrSupply]
INFO::FillVariables(0): FillVariables(args=['SetDebugLevel', '$_DebugLevel_04'])

INFO::FillVariables(0): SET [SetDebugLevel]
INFO::FillVariables(0): SET [100]
SetDebugLevel::LogModuleCall(INFO): #####  Korad.TSCmd_SetDebugLevel
SetDebugLevel::LogModuleCall(INFO): args= ['SetDebugLevel', '100']
SetDebugLevel::TSCmd_SetDebugLevel(INFO): #####  set debug level for display
SetDebugLevel::TSCmd_SetDebugLevel(DEBUG): arg for debuglevel = [100]
Result: PASS
--------------------
Step  7: [I.030.01. Login to BSC (1/4)]
INFO::FillVariables(0): FillVariables(args=['OnReply', '\n', 'login', '30'])

INFO::FillVariables(0): SET [OnReply]
INFO::FillVariables(0): SET [
]
INFO::FillVariables(0): SET [login]
INFO::FillVariables(0): SET [30]
OnReply::LogModuleCall(INFO): #####  WaitCommon.TSCmd_WaitOnReply
OnReply::LogModuleCall(INFO): args= ['OnReply', '\n', 'login', '30']
OnReply::TSCmd_WaitOnReply(INFO): send command : [
]
OnReply::TSCmd_WaitOnReply(DEBUG): '\r\n##########################################################\r\nDebian GNU/Linux 7 BScan.nanoRISC ttyO3\r\n##########################################################\r\nBScan login: \r\n##########################################################\r\nDebian GNU/Linux 7 BScan.nanoRISC ttyO3\r\n##########################################################\r\nBScan login: '.
OnReply::TSCmd_WaitOnReply(INFO): found reply [login]
INFO::LogRecBuff(0): received data:
| 
| ##########################################################
| Debian GNU/Linux 7 BScan.nanoRISC ttyO3
| ##########################################################
| BScan login: 
| ##########################################################
| Debian GNU/Linux 7 BScan.nanoRISC ttyO3
| ##########################################################
| BScan login: 
OnReply::LogRecData(INFO): Time elapsed= 0.12
Result: PASS
--------------------
Step  8: [I.030.02. Login to BSC (2/4)]
INFO::FillVariables(0): FillVariables(args=['OnReply', '$BscLogin', 'Password:', '1'])

INFO::FillVariables(0): SET [OnReply]
INFO::FillVariables(0): SET [root]
INFO::FillVariables(0): SET [Password:]
INFO::FillVariables(0): SET [1]
OnReply::LogModuleCall(INFO): #####  WaitCommon.TSCmd_WaitOnReply
OnReply::LogModuleCall(INFO): args= ['OnReply', 'root', 'Password:', '1']
OnReply::TSCmd_WaitOnReply(INFO): send command : [root]
OnReply::TSCmd_WaitOnReply(DEBUG): 'root\r\nPassword: '.
OnReply::TSCmd_WaitOnReply(INFO): found reply [Password:]
INFO::LogRecBuff(0): received data:
| root
| Password: 
OnReply::LogRecData(INFO): Time elapsed= 0.11
Result: PASS
--------------------
Step  9: [I.030.03. Login to BSC (3/4)]
INFO::FillVariables(0): FillVariables(args=['OnReply', '$BscPassword', '$BscPrompt', '1'])

INFO::FillVariables(0): SET [OnReply]
INFO::FillVariables(0): SET [root]
INFO::FillVariables(0): SET [#]
INFO::FillVariables(0): SET [1]
OnReply::LogModuleCall(INFO): #####  WaitCommon.TSCmd_WaitOnReply
OnReply::LogModuleCall(INFO): args= ['OnReply', 'root', '#', '1']
OnReply::TSCmd_WaitOnReply(INFO): send command : [root]
OnReply::TSCmd_WaitOnReply(DEBUG): '\r\n'.
OnReply::TSCmd_WaitOnReply(DEBUG): 'Last login: Thu Jan  1 01:32:20 CET 1970 on ttyO3\r\nLinux BScan.nanoRISC 3.2.0-P0483-P0568-011+ #1 Fri Apr 25 12:12:57 CEST 2014 armv7l\r\n\r\nThe programs included with the Debian GNU/Linux system are free software;\r\nthe exact distribution terms for each program are described in the\r\nindividual files in /usr/share/doc/*/copyright.\r\n\r\nDebian GNU/Linux comes with ABSOLUTELY NO WARRANTY, to the extent\r\npermitted by applicable law.\r\nroot@BScan:~# '.
OnReply::TSCmd_WaitOnReply(INFO): found reply [#]
INFO::LogRecBuff(0): received data:
| 
| Last login: Thu Jan  1 01:32:20 CET 1970 on ttyO3
| Linux BScan.nanoRISC 3.2.0-P0483-P0568-011+ #1 Fri Apr 25 12:12:57 CEST 2014 armv7l
| 
| The programs included with the Debian GNU/Linux system are free software;
| the exact distribution terms for each program are described in the
| individual files in /usr/share/doc/*/copyright.
| 
| Debian GNU/Linux comes with ABSOLUTELY NO WARRANTY, to the extent
| permitted by applicable law.
| root@BScan:~# 
OnReply::LogRecData(INFO): Time elapsed= 0.56
Result: PASS
--------------------
Step 10: [I.030.04. Login to BSC (4/4)]
INFO::FillVariables(0): FillVariables(args=['OnReply', 'cd $BscTestPath', '$BscPrompt', '1'])

INFO::FillVariables(0): SET [OnReply]
INFO::FillVariables(0): SET [cd /root/BScan]
INFO::FillVariables(0): SET [#]
INFO::FillVariables(0): SET [1]
OnReply::LogModuleCall(INFO): #####  WaitCommon.TSCmd_WaitOnReply
OnReply::LogModuleCall(INFO): args= ['OnReply', 'cd /root/BScan', '#', '1']
OnReply::TSCmd_WaitOnReply(INFO): send command : [cd /root/BScan]
OnReply::TSCmd_WaitOnReply(DEBUG): 'cd /root/BScan\r\n'.
OnReply::TSCmd_WaitOnReply(DEBUG): 'root@BScan:~/BScan# '.
OnReply::TSCmd_WaitOnReply(INFO): found reply [#]
INFO::LogRecBuff(0): received data:
| cd /root/BScan
| root@BScan:~/BScan# 
OnReply::LogRecData(INFO): Time elapsed= 0.11
Result: PASS
--------------------
Step 11: [I.040.01. Check SD card checksum]
INFO::FillVariables(0): FillVariables(args=['OnReply', './SYSTEM_check_sd_card_checksum.sh $ReqServerSdCardChecksum', 'PASS', '5'])

INFO::FillVariables(0): SET [OnReply]
INFO::FillVariables(0): SET [./SYSTEM_check_sd_card_checksum.sh 86aebae609e95b2338ad7a7794819263]
INFO::FillVariables(0): SET [PASS]
INFO::FillVariables(0): SET [5]
OnReply::LogModuleCall(INFO): #####  WaitCommon.TSCmd_WaitOnReply
OnReply::LogModuleCall(INFO): args= ['OnReply', './SYSTEM_check_sd_card_checksum.sh 86aebae609e95b2338ad7a7794819263', 'PASS', '5']
OnReply::TSCmd_WaitOnReply(INFO): send command : [./SYSTEM_check_sd_card_checksum.sh 86aebae609e95b2338ad7a7794819263]
OnReply::TSCmd_WaitOnReply(DEBUG): './SYSTEM_check_sd_card_checksum.sh 86aebae609e95b2338ad7a779 \r4819263\r\nPASS\r\nroot@BScan:~/BScan# '.
OnReply::TSCmd_WaitOnReply(INFO): found reply [PASS]
INFO::LogRecBuff(0): received data:
| ./SYSTEM_check_sd_card_checksum.sh 86aebae609e95b2338ad7a779 4819263
| PASS
| root@BScan:~/BScan# 
OnReply::LogRecData(INFO): Time elapsed= 0.11
Result: PASS
--------------------
Step 12: [I.050.01. cleanup variant value]
INFO::FillVariables(0): FillVariables(args=['CleanupRE', '$UserSpec2', '(\\D)', 'DUT_EEBoardInfoVariant'])

INFO::FillVariables(0): SET [CleanupRE]
INFO::FillVariables(0): SET [002_]
INFO::FillVariables(0): SET [(\D)]
INFO::FillVariables(0): SET [DUT_EEBoardInfoVariant]
CleanupRE::LogModuleCall(INFO): #####  DataModifier.TSCmd_CleanupRE
CleanupRE::LogModuleCall(INFO): args= ['CleanupRE', '002_', '(\\D)', 'DUT_EEBoardInfoVariant']
CleanupRE::TSCmd_CleanupRE(INFO): set: [DUT_EEBoardInfoVariant]=[002_] with removed [(\D)]
CleanupRE::TSCmd_CleanupRE(INFO): modified value= [002]
Result: PASS
--------------------
Step 13: [I.050.02. cleanup revision value]
INFO::FillVariables(0): FillVariables(args=['XtractRE', '$Revision', '([0-9,A-Z]{2})([0-9,A-Z]{2})', '0', 'DUT_EERevisionShort'])

INFO::FillVariables(0): SET [XtractRE]
INFO::FillVariables(0): SET [F001]
INFO::FillVariables(0): SET [([0-9,A-Z]{2})([0-9,A-Z]{2})]
INFO::FillVariables(0): SET [0]
INFO::FillVariables(0): SET [DUT_EERevisionShort]
XtractRE::LogModuleCall(INFO): #####  DataModifier.TSCmd_XtractRE
XtractRE::LogModuleCall(INFO): args= ['XtractRE', 'F001', '([0-9,A-Z]{2})([0-9,A-Z]{2})', '0', 'DUT_EERevisionShort']
Result: PASS
--------------------
Step 14: [I.050.03. Std. NAND is available]
INFO::FillVariables(0): FillVariables(args=['Setpar', 'HW_NAND_Avail', 'TRUE'])

INFO::FillVariables(0): SET [Setpar]
INFO::FillVariables(0): SET [HW_NAND_Avail]
INFO::FillVariables(0): SET [TRUE]
INFO::Setpar(0): 
#####  Internal Cmd Setpar:
args=[['HW_NAND_Avail', 'TRUE']]
Result: PASS
--------------------
Step 15: [I.050.04. Std. SD   is available]
INFO::FillVariables(0): FillVariables(args=['Setpar', 'HW_SD_Avail', 'TRUE'])

INFO::FillVariables(0): SET [Setpar]
INFO::FillVariables(0): SET [HW_SD_Avail]
INFO::FillVariables(0): SET [TRUE]
INFO::Setpar(0): 
#####  Internal Cmd Setpar:
args=[['HW_SD_Avail', 'TRUE']]
Result: PASS
--------------------
Step 16: [I.050.05. Std. eMMC NOT available]
INFO::FillVariables(0): FillVariables(args=['Setpar', 'HW_EMMC_Avail', 'FALSE'])

INFO::FillVariables(0): SET [Setpar]
INFO::FillVariables(0): SET [HW_EMMC_Avail]
INFO::FillVariables(0): SET [FALSE]
INFO::Setpar(0): 
#####  Internal Cmd Setpar:
args=[['HW_EMMC_Avail', 'FALSE']]
Result: PASS
--------------------
Step 17: [I.050.06. Std. SPI  is checked]
INFO::FillVariables(0): FillVariables(args=['Setpar', 'HW_SPI_Check', 'TRUE'])

INFO::FillVariables(0): SET [Setpar]
INFO::FillVariables(0): SET [HW_SPI_Check]
INFO::FillVariables(0): SET [TRUE]
INFO::Setpar(0): 
#####  Internal Cmd Setpar:
args=[['HW_SPI_Check', 'TRUE']]
Result: PASS
--------------------
Step 18: [I.050.07. Std. LAN Boot disabled]
INFO::FillVariables(0): FillVariables(args=['Setpar', 'HW_LAN_BOOT', 'FALSE'])

INFO::FillVariables(0): SET [Setpar]
INFO::FillVariables(0): SET [HW_LAN_BOOT]
INFO::FillVariables(0): SET [FALSE]
INFO::Setpar(0): 
#####  Internal Cmd Setpar:
args=[['HW_LAN_BOOT', 'FALSE']]
Result: PASS
--------------------
Step 19: [I.050.08. Std. I2C channel is 1]
INFO::FillVariables(0): FillVariables(args=['Setpar', 'HW_I2C_CHANNEL', '1'])

INFO::FillVariables(0): SET [Setpar]
INFO::FillVariables(0): SET [HW_I2C_CHANNEL]
INFO::FillVariables(0): SET [1]
INFO::Setpar(0): 
#####  Internal Cmd Setpar:
args=[['HW_I2C_CHANNEL', '1']]
Result: PASS
--------------------
Step 20: [I.050.09. Xtract customer short cut]
INFO::FillVariables(0): FillVariables(args=['XtractRE', '$Product', '([A-Z]{3})(\\s+)(.*)', '0', 'CustomerShortCut'])

INFO::FillVariables(0): SET [XtractRE]
INFO::FillVariables(0): SET [MSC NANORISC-AM3354-002 PCBFTX]
INFO::FillVariables(0): SET [([A-Z]{3})(\s+)(.*)]
INFO::FillVariables(0): SET [0]
INFO::FillVariables(0): SET [CustomerShortCut]
XtractRE::LogModuleCall(INFO): #####  DataModifier.TSCmd_XtractRE
XtractRE::LogModuleCall(INFO): args= ['XtractRE', 'MSC NANORISC-AM3354-002 PCBFTX', '([A-Z]{3})(\\s+)(.*)', '0', 'CustomerShortCut']
Result: PASS
--------------------
Step 21: [L.050.10. Skip if !Customer_SIL]
INFO::FillVariables(0): FillVariables(args=['SkipStepsTilIf', '$CustomerShortCut', '!=', 'SIL', 'SKIP END: !Customer_SIL'])

INFO::FillVariables(0): SET [SkipStepsTilIf]
INFO::FillVariables(0): SET [MSC]
INFO::FillVariables(0): SET [!=]
INFO::FillVariables(0): SET [SIL]
INFO::FillVariables(0): SET [SKIP END: !Customer_SIL]
INFO::SkipStepsTilIf(0): 
#####  Internal Cmd SkipStepsTilIf:
args=[['MSC', '!=', 'SIL', 'SKIP END: !Customer_SIL']]
INFO::SkipStepsTilIf(0): Comparision succeeded [MSC][!=][SIL]
Result: PASS
--------------------
Step 22: [I.050.11. Std. SPI is NOT checked]
INFO::ActionSteps(0): 
   Skip this teststep because [SKIP END: !Customer_SIL] != [I.050.11. Std. SPI is NOT checked]
Result: SKIP
--------------------
Step 23: [SKIP END: !Customer_SIL]
INFO::ActionSteps(0): 
No Skip this teststep because [SKIP END: !Customer_SIL] == [SKIP END: !Customer_SIL]
INFO::FillVariables(0): FillVariables(args=['LogInfo', 'Needed if !Customer_SIL'])

INFO::FillVariables(0): SET [LogInfo]
INFO::FillVariables(0): SET [Needed if !Customer_SIL]
INFO::Needed if !Customer_SIL
Result: PASS
--------------------
Step 24: [L.050.12. Skip if !Customer_KOS]
INFO::FillVariables(0): FillVariables(args=['SkipStepsTilIf', '$CustomerShortCut', '!=', 'KOS', 'SKIP END: !Customer_KOS'])

INFO::FillVariables(0): SET [SkipStepsTilIf]
INFO::FillVariables(0): SET [MSC]
INFO::FillVariables(0): SET [!=]
INFO::FillVariables(0): SET [KOS]
INFO::FillVariables(0): SET [SKIP END: !Customer_KOS]
INFO::SkipStepsTilIf(0): 
#####  Internal Cmd SkipStepsTilIf:
args=[['MSC', '!=', 'KOS', 'SKIP END: !Customer_KOS']]
INFO::SkipStepsTilIf(0): Comparision succeeded [MSC][!=][KOS]
Result: PASS
--------------------
Step 25: [I.050.13. KOS NAND NOT available]
INFO::ActionSteps(0): 
   Skip this teststep because [SKIP END: !Customer_KOS] != [I.050.13. KOS NAND NOT available]
Result: SKIP
--------------------
Step 26: [I.050.14. KOS SD   NOT available]
INFO::ActionSteps(0): 
   Skip this teststep because [SKIP END: !Customer_KOS] != [I.050.14. KOS SD   NOT available]
Result: SKIP
--------------------
Step 27: [I.050.15. KOS eMMC is  available]
INFO::ActionSteps(0): 
   Skip this teststep because [SKIP END: !Customer_KOS] != [I.050.15. KOS eMMC is  available]
Result: SKIP
--------------------
Step 28: [I.050.16. KOS eMMC DeviceName]
INFO::ActionSteps(0): 
   Skip this teststep because [SKIP END: !Customer_KOS] != [I.050.16. KOS eMMC DeviceName]
Result: SKIP
--------------------
Step 29: [I.050.17. KOS SPI  NOT checked]
INFO::ActionSteps(0): 
   Skip this teststep because [SKIP END: !Customer_KOS] != [I.050.17. KOS SPI  NOT checked]
Result: SKIP
--------------------
Step 30: [I.050.18. KOS LAN Boot enabled]
INFO::ActionSteps(0): 
   Skip this teststep because [SKIP END: !Customer_KOS] != [I.050.18. KOS LAN Boot enabled]
Result: SKIP
--------------------
Step 31: [I.050.19. KOS I2C channel is 2]
INFO::ActionSteps(0): 
   Skip this teststep because [SKIP END: !Customer_KOS] != [I.050.19. KOS I2C channel is 2]
Result: SKIP
--------------------
Step 32: [SKIP END: !Customer_KOS]
INFO::ActionSteps(0): 
No Skip this teststep because [SKIP END: !Customer_KOS] == [SKIP END: !Customer_KOS]
INFO::FillVariables(0): FillVariables(args=['LogInfo', 'Needed if !Customer_KOS'])

INFO::FillVariables(0): SET [LogInfo]
INFO::FillVariables(0): SET [Needed if !Customer_KOS]
INFO::Needed if !Customer_KOS
Result: PASS
--------------------
Step 33: [I.060.01. Select Power Supply]
INFO::FillVariables(0): FillVariables(args=['SelectDevice', 'KA3005P', 'CHECK'])

INFO::FillVariables(0): SET [SelectDevice]
INFO::FillVariables(0): SET [KA3005P]
INFO::FillVariables(0): SET [CHECK]
SelectDevice::LogModuleCall(INFO): #####  Korad.TSCmd_SelectDevice
SelectDevice::LogModuleCall(INFO): args= ['SelectDevice', 'KA3005P', 'CHECK']
SelectDevice::TSCmd_SelectDevice(INFO): #####  Select Power Supply Type
SelectDevice::device_getDeviceID(INFO): Send IDN request
SelectDevice::device_getDeviceID(INFO): Device ID: KORADKA3005PV2.0 
SelectDevice::TSCmd_SelectDevice(INFO): Selected device type matches to ID.
Result: PASS
--------------------
Step 34: [I.060.02. Power select for DUT]
INFO::FillVariables(0): FillVariables(args=['SetOutput 1 12.0 2.0 CHECK'])

INFO::FillVariables(0): SET [SetOutput 1 12.0 2.0 CHECK]
SetOutput::LogModuleCall(INFO): #####  Korad.TSCmd_setOutputPar
SetOutput::LogModuleCall(INFO): args= ['SetOutput', '1', '12.0', '2.0', 'CHECK']
SetOutput::TSCmd_setOutputPar(INFO): #####  Set output voltage 
SetOutput::TSCmd_setOutputPar(INFO): #####  Device Selected = KA3005P
SetOutput::TSCmd_setOutputPar(INFO): #####  Output voltage Limit (1) = 30.000V
SetOutput::device_setOutputPar(INFO): Voltage Set: 12.000V
Result: PASS
--------------------
Step 35: [L.010.01. Power On]
INFO::FillVariables(0): FillVariables(args=['OutOn'])

INFO::FillVariables(0): SET [OutOn]
OutOn::LogModuleCall(INFO): #####  Korad.TSCmd_setOutputOn
OutOn::LogModuleCall(INFO): args= ['OutOn']
OutOn::TSCmd_setOutputOn(INFO): #####  Set Output ON
Result: PASS
--------------------
Step 36: [L.020.01. Perform MB2 BScan]
INFO::FillVariables(0): FillVariables(args=['OnReply', './$BscTest $BscTestNetFile', 'PASS', '30'])

INFO::FillVariables(0): SET [OnReply]
INFO::FillVariables(0): SET [./GERT_test_nets.py AM335X_bscan.xml]
INFO::FillVariables(0): SET [PASS]
INFO::FillVariables(0): SET [30]
OnReply::LogModuleCall(INFO): #####  WaitCommon.TSCmd_WaitOnReply
OnReply::LogModuleCall(INFO): args= ['OnReply', './GERT_test_nets.py AM335X_bscan.xml', 'PASS', '30']
OnReply::TSCmd_WaitOnReply(INFO): send command : [./GERT_test_nets.py AM335X_bscan.xml]
OnReply::TSCmd_WaitOnReply(DEBUG): './GERT_test_nets.py AM335X_bscan.xml\r\n'.
OnReply::TSCmd_WaitOnReply(DEBUG): 'Connected to libftdi driver.\r\n'.
OnReply::TSCmd_WaitOnReply(DEBUG): 'IR length: 22\r\nChain length: 3\r\nDevice Id: 00101011100101000100000000101111 (0x2B94402F)\r\n  Manufacturer: Texas Instruments (0x02F)\r\n  Part(0):      AM335X (0xB944)\r\n  Stepping:     2\r\n  Filename:     /usr/local/share/urjtag/ti/am335x/am335x\r\n'.
OnReply::TSCmd_WaitOnReply(DEBUG): 'Device Id: 00000001001010111001000001000011 (0x012B9043)\r\n  Manufacturer: Lattice Semiconductors (0x043)\r\n  Part(1):      LCMXO2_640HC_XXTG100 (0x12B9)\r\n  Stepping:     0\r\n  Filename:     /usr/local/share/urjtag/lattice/lcmxo2-640-hc-xxtg100/lcmxo2-640-hc-xxtg100\r\nDevice Id: 00000001001010011010000001000011 (0x0129A043)\r\n  Manufacturer: Lattice Semiconductors (0x043)\r\n  Part(2):      LFXP2_8E_XXFT256 (0x129A)\r\n  Stepping:     1\r\n  Filename:     /usr/local/share/urjtag/lattice/lfxp2-8e-xxft256/lfxp2-8e-xxft256\r\n'.
OnReply::TSCmd_WaitOnReply(DEBUG): '===========================================================================================================\r\n|   idx |             net-name |                 src pin/ball |                 dst pin/ball |     status |\r\n===========================================================================================================\r\n|     1 |             SPI1_CS# |        mcasp0_ahclkr |   C12 |                PR21A |   J13 |         ok |\r\n|     2 |            LCD_DATA5 |            lcd_data5 |    T2 |                 PB6A |    31 |         ok |\r\n|     3 |            LCD_DATA4 |            lcd_data4 |    T1 |                PB10D |    39 |         ok |\r\n|     4 |            LCD_DATA7 |            lcd_data7 |    T4 |                 PB4C |    29 |         ok |\r\n|     5 |            LCD_DATA6 |            lcd_data6 |    T3 |                 PB4D |    30 |         ok |\r\n|     6 |            LCD_DATA1 |            lcd_data1 |    R2 |                 PL7B |    21 |         ok |\r\n|     7 |            LCD_DATA0 |           '.
OnReply::TSCmd_WaitOnReply(DEBUG): ' lcd_data0 |    R1 |                 PL7A |    20 |         ok |\r\n|     8 |            UART0_RXD |          mii1_tx_clk |   K18 |                PB12B |    T5 |         ok |\r\n|     9 |            LCD_DATA2 |            lcd_data2 |    R3 |                 PL6D |    19 |         ok |\r\n|    10 |            LCD_DATA9 |            lcd_data9 |    U2 |                 PB4B |    28 |         ok |\r\n|    11 |            LCD_DATA8 |            lcd_data8 |    U1 |                 PB4A |    27 |         ok |\r\n|    12 |             I2C0_SCL |            uart1_txd |   D15 |                 PR3B |   A15 |         ok |\r\n|    13 |            EBI_BE#_1 |            gpmc_csn2 |    V9 |                PT22A |    D8 |         ok |\r\n|    14 |            EBI_BE#_0 |        gpmc_ben0_cle |    T6 |                PT22B |    E9 |         ok |\r\n|    15 |             GPIO_152 |              gpmc_a8 |   V16 |                PB22A |   T11 |         ok |\r\n|    16 |             I2C1_SDA |           uart1_ctsn |   D18 |                 PR6B |'.
OnReply::TSCmd_WaitOnReply(DEBUG): '   D14 |         ok |\r\n|    17 |             GPIO_155 |              gpmc_a9 |   U16 |                PB23B |   N10 |         ok |\r\n|    18 |             WARMRSTn |             WARMRSTn |   A10 |                 PT6D |    96 |         ok |\r\n|    19 |           EBI_DAT_12 |            gpmc_ad12 |   T12 |                PT24B |   A10 |         ok |\r\n|    20 |           EBI_DAT_13 |            gpmc_ad13 |   R12 |                PT24A |   B10 |         ok |\r\n|    21 |           EBI_DAT_10 |            gpmc_ad10 |   T11 |                PT25B |   D10 |         ok |\r\n|    22 |           EBI_DAT_11 |            gpmc_ad11 |   U12 |                PT25A |    D9 |         ok |\r\n|    23 |           EBI_DAT_14 |            gpmc_ad14 |   V13 |                PT23B |    F9 |         ok |\r\n|    24 |           EBI_DAT_15 |            gpmc_ad15 |   U13 |                PT23A |    C9 |         ok |\r\n|    25 |       LCD_AC_BIAS_EN |       lcd_ac_bias_en |    R6 |                 PL5B |    13 |         ok |\r\n|    26 |            SPI1_MISO |           mcasp0_fsx |   B13 |                PR22B |   K11 |         ok |\r\n|    27 |             SPI1_CLK |         mcasp0_aclkx |   A13 |                PR21B |   J12 |         ok |\r\n|    28 |            SPI1_MOSI |          mcasp0_axr0 |   D12 |                PR22A |   J11 |         ok |\r\n|    29 |           UART1_RTS# |           uart0_rtsn |   E17 |                PB16A |    R7 |         ok |\r\n|    30 |           UART0_RTS# |             I2C0_SCL |   C16 |                PB13B |    P7 |         ok |\r\n|    31 |             SPI0_CLK |            spi0_sclk |   A17 |                PR18B |   H16 |         ok |\r\n|    32 |            SPI0_MISO |              spi0_d0 |   B17 |                PR19A |   J14 |         ok |\r\n|    33 |            LCD_DATA3 |            lcd_data3 |    R4 |                 PL5C |    14 |         ok |\r\n|    34 |             GPIO_145 |     xdma_event_intr0 |   A15 |                PB24B |   P11 |         ok |\r\n|    35 |             GPIO_147 |              gpmc_a6 |   U15 |'.
OnReply::TSCmd_WaitOnReply(DEBUG): '                PB20B |   R10 |         ok |\r\n|    36 |             GPIO_146 |                 EMU1 |   B14 |                PB21B |   L10 |         ok |\r\n|    37 |             GPIO_142 |              gpmc_a0 |   R13 |                PB20A |   T10 |         ok |\r\n|    38 |             GPIO_149 |              gpmc_a7 |   T15 |                PB23A |   P10 |         ok |\r\n|    39 |             GPIO_148 |              gpmc_a4 |   R14 |                PB24A |   T12 |         ok |\r\n|    40 |           UART1_CTS# |           uart0_ctsn |   E18 |                PB16B |    T7 |         ok |\r\n|    41 |            LCD_VSYNC |            lcd_vsync |    U5 |                 PR7B |    53 |         ok |\r\n|    42 |             LCD_PCLK |             lcd_pclk |    V5 |                 PR7A |    54 |         ok |\r\n|    43 |            EBI_DAT_0 |             gpmc_ad0 |    U7 |                PT32B |   A13 |         ok |\r\n|    44 |            EBI_DAT_1 |             gpmc_ad1 |    V7 |                PT32A |   B13 |         ok '.
OnReply::TSCmd_WaitOnReply(DEBUG): '|\r\n|    45 |            EBI_DAT_2 |             gpmc_ad2 |    R8 |                PT31B |   D12 |         ok |\r\n|    46 |            EBI_DAT_3 |             gpmc_ad3 |    T8 |                PT31A |   E12 |         ok |\r\n|    47 |            EBI_DAT_4 |             gpmc_ad4 |    U8 |                PT30B |   A12 |         ok |\r\n|    48 |            EBI_DAT_5 |             gpmc_ad5 |    V8 |                PT30A |   C11 |         ok |\r\n|    49 |            EBI_DAT_6 |             gpmc_ad6 |    R9 |                PT27B |   D11 |         ok |\r\n|    50 |            EBI_DAT_7 |             gpmc_ad7 |    T9 |                PT27A |   C10 |         ok |\r\n|    51 |            EBI_DAT_8 |             gpmc_ad8 |   U10 |                PT26B |   B11 |         ok |\r\n|    52 |            EBI_DAT_9 |             gpmc_ad9 |   T10 |                PT26A |   A11 |         ok |\r\n|    53 |            UART1_CLK |             gpmc_wpn |   U17 |                PB14B |    T6 |         ok |\r\n|    54 |            EBI_CS#_4 |        '.
OnReply::TSCmd_WaitOnReply(DEBUG): '    gpmc_csn2 |    V9 |                PT21A |    B9 |         ok |\r\n|    55 |      NR_RESERVED_183 |           mii1_rx_dv |   J17 |                 PB3A |    T3 |         ok |\r\n|    56 |    ECAP0_IN_PWM0_OUT |    eCAP0_in_PWM0_out |   C18 |                 PL3B |     8 |         ok |\r\n|    57 |            EBI_CS#_3 |            gpmc_csn1 |    U9 |                PT21B |    A9 |         ok |\r\n|    58 |             SPI0_CS# |             spi0_cs1 |   C15 |                PR18A |   H15 |         ok |\r\n|    59 |            LCD_HSYNC |            lcd_hsync |    R5 |                 PR6D |    57 |         ok |\r\n|    60 |              SD0_CMD |            gpmc_csn3 |   T13 |                PR12A |   E16 |         ok |\r\n|    61 |           UART0_CTS# |             I2C0_SDA |   C17 |                PB13A |    N7 |         ok |\r\n|    62 |            GTPMC_A10 |             gpmc_a10 |   T16 |                 PL5D |    15 |         ok |\r\n|    63 |             USB_H_EN |         USB1_DRVVBUS |   F15 |                PL14'.
OnReply::TSCmd_WaitOnReply(DEBUG): 'B |    J6 |         ok |\r\n|    64 |            UART0_TXD |          mii1_rx_clk |   L18 |                PB12A |    R4 |         ok |\r\n|    65 |          EBI_DB_ALE# |        gpmc_advn_ale |    R7 |                PT17A |    D7 |         ok |\r\n|    66 |             I2C1_SCL |           uart1_rtsn |   D17 |                 PR7A |   B15 |         ok |\r\n|    67 |              CAN0_TX |            mii1_txd3 |   J18 |                PB17B |    N9 |         ok |\r\n|    68 |               SD0_D0 |              gpmc_a1 |   V14 |                PR12B |   F14 |         ok |\r\n|    69 |               SD0_D1 |              gpmc_a2 |   U14 |                PR10B |   D16 |         ok |\r\n|    70 |               SD0_D2 |              gpmc_a3 |   T14 |                PR11A |   D13 |         ok |\r\n|    71 |               SD0_D3 |            gpmc_ben1 |   U18 |                PR13A |   F15 |         ok |\r\n|    72 |            EBI_WAIT# |           gpmc_wait0 |   T17 |                PT17B |    F7 |         ok |\r\n|    73 |        '.
OnReply::TSCmd_WaitOnReply(DEBUG): '    UART1_RXD |            uart0_rxd |   E15 |                PB15B |    N8 |         ok |\r\n|    74 |             GPMC_A11 |             gpmc_a11 |   V17 |                 PL6B |    17 |         ok |\r\n|    75 |            GPMC_AD15 |            gpmc_ad15 |   U13 |                 PL7C |    24 |         ok |\r\n|    76 |            GPMC_AD14 |            gpmc_ad14 |   V13 |                 PB6D |    35 |         ok |\r\n|    77 |            GPMC_AD11 |            gpmc_ad11 |   U12 |                PB12B |    41 |         ok |\r\n|    78 |            GPMC_AD10 |            gpmc_ad10 |   T11 |                 PL6A |    16 |         ok |\r\n|    79 |            GPMC_AD13 |            gpmc_ad13 |   R12 |                 PL6C |    18 |         ok |\r\n|    80 |            GPMC_AD12 |            gpmc_ad12 |   T12 |                PB10B |    37 |         ok |\r\n|    81 |             GPMC_AD9 |             gpmc_ad9 |   T10 |                 PB6B |    32 |         ok |\r\n|    82 |             GPMC_AD8 |             gpmc_ad8 |   U10 |                PB10A |    36 |         ok |\r\n|    83 |            CD_DATA12 |           lcd_data12 |    V2 |                 PR7D |    51 |         ok |\r\n|    84 |              CAN0_RX |            mii1_txd2 |   K15 |                PB18A |    R8 |         ok |\r\n|    85 |              EBI_OE# |         gpmc_oen_ren |    T7 |                 PL7B |    D1 |         ok |\r\n|    86 |            UART1_TXD |            uart0_txd |   E16 |                PB15A |    M8 |         ok |\r\n|    87 |           LCD_DATA15 |           lcd_data15 |    T5 |                PB10C |    38 |         ok |\r\n|    88 |           LCD_DATA14 |           lcd_data14 |    V4 |                 PB6C |    34 |         ok |\r\n|    89 |           LCD_DATA11 |           lcd_data11 |    U4 |                PB12A |    40 |         ok |\r\n|    90 |           LCD_DATA10 |           lcd_data10 |    U3 |                 PL7D |    25 |         ok |\r\n|    91 |           LCD_DATA13 |           lcd_data13 |    V3 |                 PR7C |    52 |         '.
OnReply::TSCmd_WaitOnReply(DEBUG): 'ok |\r\n|    92 |              EBI_WE# |             gpmc_wen |    U6 |                PT18A |    B7 |         ok |\r\n|    93 |             I2C0_SDA |            uart1_rxd |   D16 |                 PR6A |   C14 |         ok |\r\n|    94 |              SD0_CLK |             gpmc_clk |   V12 |                PR13B |   F16 |         ok |\r\n|    95 |            SPI0_MOSI |              spi0_d1 |   B16 |                PR19B |   H13 |         ok |\r\n|    96 |             GPIO_150 |              gpmc_a5 |   V15 |                PB25A |   L11 |         ok |\r\n===========================================================================================================\r\nPASS\r\nroot@BScan:~/BScan# '.
OnReply::TSCmd_WaitOnReply(INFO): found reply [PASS]
INFO::LogRecBuff(0): received data:
| ./GERT_test_nets.py AM335X_bscan.xml
| Connected to libftdi driver.
| IR length: 22
| Chain length: 3
| Device Id: 00101011100101000100000000101111 (0x2B94402F)
|   Manufacturer: Texas Instruments (0x02F)
|   Part(0):      AM335X (0xB944)
|   Stepping:     2
|   Filename:     /usr/local/share/urjtag/ti/am335x/am335x
| Device Id: 00000001001010111001000001000011 (0x012B9043)
|   Manufacturer: Lattice Semiconductors (0x043)
|   Part(1):      LCMXO2_640HC_XXTG100 (0x12B9)
|   Stepping:     0
|   Filename:     /usr/local/share/urjtag/lattice/lcmxo2-640-hc-xxtg100/lcmxo2-640-hc-xxtg100
| Device Id: 00000001001010011010000001000011 (0x0129A043)
|   Manufacturer: Lattice Semiconductors (0x043)
|   Part(2):      LFXP2_8E_XXFT256 (0x129A)
|   Stepping:     1
|   Filename:     /usr/local/share/urjtag/lattice/lfxp2-8e-xxft256/lfxp2-8e-xxft256
| ===========================================================================================================
| |   idx |             net-name |                 src pin/ball |                 dst pin/ball |     status |
| ===========================================================================================================
| |     1 |             SPI1_CS# |        mcasp0_ahclkr |   C12 |                PR21A |   J13 |         ok |
| |     2 |            LCD_DATA5 |            lcd_data5 |    T2 |                 PB6A |    31 |         ok |
| |     3 |            LCD_DATA4 |            lcd_data4 |    T1 |                PB10D |    39 |         ok |
| |     4 |            LCD_DATA7 |            lcd_data7 |    T4 |                 PB4C |    29 |         ok |
| |     5 |            LCD_DATA6 |            lcd_data6 |    T3 |                 PB4D |    30 |         ok |
| |     6 |            LCD_DATA1 |            lcd_data1 |    R2 |                 PL7B |    21 |         ok |
| |     7 |            LCD_DATA0 |            lcd_data0 |    R1 |                 PL7A |    20 |         ok |
| |     8 |            UART0_RXD |          mii1_tx_clk |   K18 |                PB12B |    T5 |         ok |
| |     9 |            LCD_DATA2 |            lcd_data2 |    R3 |                 PL6D |    19 |         ok |
| |    10 |            LCD_DATA9 |            lcd_data9 |    U2 |                 PB4B |    28 |         ok |
| |    11 |            LCD_DATA8 |            lcd_data8 |    U1 |                 PB4A |    27 |         ok |
| |    12 |             I2C0_SCL |            uart1_txd |   D15 |                 PR3B |   A15 |         ok |
| |    13 |            EBI_BE#_1 |            gpmc_csn2 |    V9 |                PT22A |    D8 |         ok |
| |    14 |            EBI_BE#_0 |        gpmc_ben0_cle |    T6 |                PT22B |    E9 |         ok |
| |    15 |             GPIO_152 |              gpmc_a8 |   V16 |                PB22A |   T11 |         ok |
| |    16 |             I2C1_SDA |           uart1_ctsn |   D18 |                 PR6B |   D14 |         ok |
| |    17 |             GPIO_155 |              gpmc_a9 |   U16 |                PB23B |   N10 |         ok |
| |    18 |             WARMRSTn |             WARMRSTn |   A10 |                 PT6D |    96 |         ok |
| |    19 |           EBI_DAT_12 |            gpmc_ad12 |   T12 |                PT24B |   A10 |         ok |
| |    20 |           EBI_DAT_13 |            gpmc_ad13 |   R12 |                PT24A |   B10 |         ok |
| |    21 |           EBI_DAT_10 |            gpmc_ad10 |   T11 |                PT25B |   D10 |         ok |
| |    22 |           EBI_DAT_11 |            gpmc_ad11 |   U12 |                PT25A |    D9 |         ok |
| |    23 |           EBI_DAT_14 |            gpmc_ad14 |   V13 |                PT23B |    F9 |         ok |
| |    24 |           EBI_DAT_15 |            gpmc_ad15 |   U13 |                PT23A |    C9 |         ok |
| |    25 |       LCD_AC_BIAS_EN |       lcd_ac_bias_en |    R6 |                 PL5B |    13 |         ok |
| |    26 |            SPI1_MISO |           mcasp0_fsx |   B13 |                PR22B |   K11 |         ok |
| |    27 |             SPI1_CLK |         mcasp0_aclkx |   A13 |                PR21B |   J12 |         ok |
| |    28 |            SPI1_MOSI |          mcasp0_axr0 |   D12 |                PR22A |   J11 |         ok |
| |    29 |           UART1_RTS# |           uart0_rtsn |   E17 |                PB16A |    R7 |         ok |
| |    30 |           UART0_RTS# |             I2C0_SCL |   C16 |                PB13B |    P7 |         ok |
| |    31 |             SPI0_CLK |            spi0_sclk |   A17 |                PR18B |   H16 |         ok |
| |    32 |            SPI0_MISO |              spi0_d0 |   B17 |                PR19A |   J14 |         ok |
| |    33 |            LCD_DATA3 |            lcd_data3 |    R4 |                 PL5C |    14 |         ok |
| |    34 |             GPIO_145 |     xdma_event_intr0 |   A15 |                PB24B |   P11 |         ok |
| |    35 |             GPIO_147 |              gpmc_a6 |   U15 |                PB20B |   R10 |         ok |
| |    36 |             GPIO_146 |                 EMU1 |   B14 |                PB21B |   L10 |         ok |
| |    37 |             GPIO_142 |              gpmc_a0 |   R13 |                PB20A |   T10 |         ok |
| |    38 |             GPIO_149 |              gpmc_a7 |   T15 |                PB23A |   P10 |         ok |
| |    39 |             GPIO_148 |              gpmc_a4 |   R14 |                PB24A |   T12 |         ok |
| |    40 |           UART1_CTS# |           uart0_ctsn |   E18 |                PB16B |    T7 |         ok |
| |    41 |            LCD_VSYNC |            lcd_vsync |    U5 |                 PR7B |    53 |         ok |
| |    42 |             LCD_PCLK |             lcd_pclk |    V5 |                 PR7A |    54 |         ok |
| |    43 |            EBI_DAT_0 |             gpmc_ad0 |    U7 |                PT32B |   A13 |         ok |
| |    44 |            EBI_DAT_1 |             gpmc_ad1 |    V7 |                PT32A |   B13 |         ok |
| |    45 |            EBI_DAT_2 |             gpmc_ad2 |    R8 |                PT31B |   D12 |         ok |
| |    46 |            EBI_DAT_3 |             gpmc_ad3 |    T8 |                PT31A |   E12 |         ok |
| |    47 |            EBI_DAT_4 |             gpmc_ad4 |    U8 |                PT30B |   A12 |         ok |
| |    48 |            EBI_DAT_5 |             gpmc_ad5 |    V8 |                PT30A |   C11 |         ok |
| |    49 |            EBI_DAT_6 |             gpmc_ad6 |    R9 |                PT27B |   D11 |         ok |
| |    50 |            EBI_DAT_7 |             gpmc_ad7 |    T9 |                PT27A |   C10 |         ok |
| |    51 |            EBI_DAT_8 |             gpmc_ad8 |   U10 |                PT26B |   B11 |         ok |
| |    52 |            EBI_DAT_9 |             gpmc_ad9 |   T10 |                PT26A |   A11 |         ok |
| |    53 |            UART1_CLK |             gpmc_wpn |   U17 |                PB14B |    T6 |         ok |
| |    54 |            EBI_CS#_4 |            gpmc_csn2 |    V9 |                PT21A |    B9 |         ok |
| |    55 |      NR_RESERVED_183 |           mii1_rx_dv |   J17 |                 PB3A |    T3 |         ok |
| |    56 |    ECAP0_IN_PWM0_OUT |    eCAP0_in_PWM0_out |   C18 |                 PL3B |     8 |         ok |
| |    57 |            EBI_CS#_3 |            gpmc_csn1 |    U9 |                PT21B |    A9 |         ok |
| |    58 |             SPI0_CS# |             spi0_cs1 |   C15 |                PR18A |   H15 |         ok |
| |    59 |            LCD_HSYNC |            lcd_hsync |    R5 |                 PR6D |    57 |         ok |
| |    60 |              SD0_CMD |            gpmc_csn3 |   T13 |                PR12A |   E16 |         ok |
| |    61 |           UART0_CTS# |             I2C0_SDA |   C17 |                PB13A |    N7 |         ok |
| |    62 |            GTPMC_A10 |             gpmc_a10 |   T16 |                 PL5D |    15 |         ok |
| |    63 |             USB_H_EN |         USB1_DRVVBUS |   F15 |                PL14B |    J6 |         ok |
| |    64 |            UART0_TXD |          mii1_rx_clk |   L18 |                PB12A |    R4 |         ok |
| |    65 |          EBI_DB_ALE# |        gpmc_advn_ale |    R7 |                PT17A |    D7 |         ok |
| |    66 |             I2C1_SCL |           uart1_rtsn |   D17 |                 PR7A |   B15 |         ok |
| |    67 |              CAN0_TX |            mii1_txd3 |   J18 |                PB17B |    N9 |         ok |
| |    68 |               SD0_D0 |              gpmc_a1 |   V14 |                PR12B |   F14 |         ok |
| |    69 |               SD0_D1 |              gpmc_a2 |   U14 |                PR10B |   D16 |         ok |
| |    70 |               SD0_D2 |              gpmc_a3 |   T14 |                PR11A |   D13 |         ok |
| |    71 |               SD0_D3 |            gpmc_ben1 |   U18 |                PR13A |   F15 |         ok |
| |    72 |            EBI_WAIT# |           gpmc_wait0 |   T17 |                PT17B |    F7 |         ok |
| |    73 |            UART1_RXD |            uart0_rxd |   E15 |                PB15B |    N8 |         ok |
| |    74 |             GPMC_A11 |             gpmc_a11 |   V17 |                 PL6B |    17 |         ok |
| |    75 |            GPMC_AD15 |            gpmc_ad15 |   U13 |                 PL7C |    24 |         ok |
| |    76 |            GPMC_AD14 |            gpmc_ad14 |   V13 |                 PB6D |    35 |         ok |
| |    77 |            GPMC_AD11 |            gpmc_ad11 |   U12 |                PB12B |    41 |         ok |
| |    78 |            GPMC_AD10 |            gpmc_ad10 |   T11 |                 PL6A |    16 |         ok |
| |    79 |            GPMC_AD13 |            gpmc_ad13 |   R12 |                 PL6C |    18 |         ok |
| |    80 |            GPMC_AD12 |            gpmc_ad12 |   T12 |                PB10B |    37 |         ok |
| |    81 |             GPMC_AD9 |             gpmc_ad9 |   T10 |                 PB6B |    32 |         ok |
| |    82 |             GPMC_AD8 |             gpmc_ad8 |   U10 |                PB10A |    36 |         ok |
| |    83 |            CD_DATA12 |           lcd_data12 |    V2 |                 PR7D |    51 |         ok |
| |    84 |              CAN0_RX |            mii1_txd2 |   K15 |                PB18A |    R8 |         ok |
| |    85 |              EBI_OE# |         gpmc_oen_ren |    T7 |                 PL7B |    D1 |         ok |
| |    86 |            UART1_TXD |            uart0_txd |   E16 |                PB15A |    M8 |         ok |
| |    87 |           LCD_DATA15 |           lcd_data15 |    T5 |                PB10C |    38 |         ok |
| |    88 |           LCD_DATA14 |           lcd_data14 |    V4 |                 PB6C |    34 |         ok |
| |    89 |           LCD_DATA11 |           lcd_data11 |    U4 |                PB12A |    40 |         ok |
| |    90 |           LCD_DATA10 |           lcd_data10 |    U3 |                 PL7D |    25 |         ok |
| |    91 |           LCD_DATA13 |           lcd_data13 |    V3 |                 PR7C |    52 |         ok |
| |    92 |              EBI_WE# |             gpmc_wen |    U6 |                PT18A |    B7 |         ok |
| |    93 |             I2C0_SDA |            uart1_rxd |   D16 |                 PR6A |   C14 |         ok |
| |    94 |              SD0_CLK |             gpmc_clk |   V12 |                PR13B |   F16 |         ok |
| |    95 |            SPI0_MOSI |              spi0_d1 |   B16 |                PR19B |   H13 |         ok |
| |    96 |             GPIO_150 |              gpmc_a5 |   V15 |                PB25A |   L11 |         ok |
| ===========================================================================================================
| PASS
| root@BScan:~/BScan# 
OnReply::LogRecData(INFO): Time elapsed= 1.86
Result: PASS
--------------------
Step 37: [L.030.01. Power Off]
INFO::FillVariables(0): FillVariables(args=['OutOff'])

INFO::FillVariables(0): SET [OutOff]
OutOff::LogModuleCall(INFO): #####  Korad.TSCmd_setOutputOff
OutOff::LogModuleCall(INFO): args= ['OutOff']
OutOff::TSCmd_setOutputOff(INFO): #####  Switch output OFF
Result: PASS
--------------------
Step 38: [L.030.02. Delay]
INFO::FillVariables(0): FillVariables(args=['Sleep', '1.0'])

INFO::FillVariables(0): SET [Sleep]
INFO::FillVariables(0): SET [1.0]
INFO::Sleep(0): 
#####  Internal Cmd Sleep:
args=[['1.0']]
Result: PASS
--------------------
Step 39: [L.030.03. Power On]
INFO::FillVariables(0): FillVariables(args=['OutOn'])

INFO::FillVariables(0): SET [OutOn]
OutOn::LogModuleCall(INFO): #####  Korad.TSCmd_setOutputOn
OutOn::LogModuleCall(INFO): args= ['OutOn']
OutOn::TSCmd_setOutputOn(INFO): #####  Set Output ON
Result: PASS
--------------------
Step 40: [L.040.01. wait for boot]
INFO::FillVariables(0): FillVariables(args=['ForOneOfList', "['stop autoboot:', '$UBootPrompt']", '20'])

INFO::FillVariables(0): SET [ForOneOfList]
INFO::FillVariables(0): SET [['stop autoboot:', 'U-Boot#']]
INFO::FillVariables(0): SET [20]
ForOneOfList::LogModuleCall(INFO): #####  WaitCommon.TSCmd_WaitForOneOf
ForOneOfList::LogModuleCall(INFO): args= ['ForOneOfList', "['stop autoboot:', 'U-Boot#']", '20']
ForOneOfList::TSCmd_WaitForOneOf(DEBUG): '\r\nU-Boot SPL 2015.07-g4b8398c6a8 (Feb 27 2019 - 16:35:21)\r\nBooting from MMC1\r\n'.
ForOneOfList::TSCmd_WaitForOneOf(DEBUG): 'Warning: Boardinfo not found. \r\n'.
ForOneOfList::TSCmd_WaitForOneOf(DEBUG): 'reading u-boot.img\r\nreading u-boot.img\r\n\n\r\n\rU-Boot 2015.07-g4b8398c6a8 (Feb 27 2019 - 16:35:21 +0000)\n\r\n\rAM335X-GP rev 2.1\n\rI2C:   '.
ForOneOfList::TSCmd_WaitForOneOf(DEBUG): 'ready\n\rDRAM:  256 MiB\n\r'.
ForOneOfList::TSCmd_WaitForOneOf(DEBUG): 'Warning: failed to initialize boardinfo!\n\rNAND:  512 MiB\n\rMMC:   OMAP SD/MMC: 0\n\r'.
ForOneOfList::TSCmd_WaitForOneOf(DEBUG): 'SF: Detected AT25SF041 with page size 256 Bytes, erase size 4 KiB, total 512 KiB\n\rNet:   cpsw\n\rU-Boot# '.
ForOneOfList::TSCmd_WaitForOneOf(INFO): found pattern [U-Boot#]
INFO::LogRecBuff(0): received data:
| 
| U-Boot SPL 2015.07-g4b8398c6a8 (Feb 27 2019 - 16:35:21)
| Booting from MMC1
| Warning: Boardinfo not found. 
| reading u-boot.img
| reading u-boot.img
| 
| 
| U-Boot 2015.07-g4b8398c6a8 (Feb 27 2019 - 16:35:21 +0000)
| 
| AM335X-GP rev 2.1
| I2C:   ready
| DRAM:  256 MiB
| Warning: failed to initialize boardinfo!
| NAND:  512 MiB
| MMC:   OMAP SD/MMC: 0
| SF: Detected AT25SF041 with page size 256 Bytes, erase size 4 KiB, total 512 KiB
| Net:   cpsw
| U-Boot# 
ForOneOfList::LogRecData(INFO): Time elapsed= 2.73
Result: PASS
--------------------
Step 41: [L.040.02. extract U-Boot version]
INFO::FillVariables(0): FillVariables(args=['XtractDataEnh', '_CommTmpVar_01', '0', '-1', '(.*)(U-Boot\\s+)(\\d+.*)(\\s+\\(.*)', 'REGEXP'])

INFO::FillVariables(0): SET [XtractDataEnh]
INFO::FillVariables(0): SET [_CommTmpVar_01]
INFO::FillVariables(0): SET [0]
INFO::FillVariables(0): SET [-1]
INFO::FillVariables(0): SET [(.*)(U-Boot\s+)(\d+.*)(\s+\(.*)]
INFO::FillVariables(0): SET [REGEXP]
XtractDataEnh::LogModuleCall(INFO): #####  WaitCommon.TSCmd_XtractEnhFromReceivedData
XtractDataEnh::LogModuleCall(INFO): args= ['XtractDataEnh', '_CommTmpVar_01', '0', '-1', '(.*)(U-Boot\\s+)(\\d+.*)(\\s+\\(.*)', 'REGEXP']
XtractDataEnh::TSCmd_XtractEnhFromReceivedData(DEBUG): varname    = [_CommTmpVar_01]
XtractDataEnh::TSCmd_XtractEnhFromReceivedData(DEBUG): start      = [0]
XtractDataEnh::TSCmd_XtractEnhFromReceivedData(DEBUG): end        = [-1]
XtractDataEnh::TSCmd_XtractEnhFromReceivedData(DEBUG): pattern    = [(.*)(U-Boot\s+)(\d+.*)(\s+\(.*)]
XtractDataEnh::TSCmd_XtractEnhFromReceivedData(DEBUG): abs_rel    = [REGEXP]
XtractDataEnh::XtractRegExp(DEBUG): [
U-Boot SPL 2015.07-g4b8398c6a8 (Feb 27 2019 - 16:35:21)
Booting from MMC1
Warning: Boardinfo not found. 
reading u-boot.img
reading u-boot.img


U-Boot 2015.07-g4b8398c6a8 (Feb 27 2019 - 16:35:21 +0000)

AM335X-GP rev 2.1
I2C:   ready
DRAM:  256 MiB
Warning: failed to initialize boardinfo!
NAND:  512 MiB
MMC:   OMAP SD/MMC: 0
SF: Detected AT25SF041 with page size 256 Bytes, erase size 4 KiB, total 512 KiB
Net:   cpsw
U-Boot# ] matches RegExp
XtractDataEnh::XtractRegExp(DEBUG): [0] = [
U-Boot SPL 2015.07-g4b8398c6a8 (Feb 27 2019 - 16:35:21)
Booting from MMC1
Warning: Boardinfo not found. 
reading u-boot.img
reading u-boot.img


]
XtractDataEnh::XtractRegExp(DEBUG): [1] = [U-Boot ]
XtractDataEnh::XtractRegExp(DEBUG): [2] = [2015.07-g4b8398c6a8]
XtractDataEnh::XtractRegExp(DEBUG): [3] = [ (Feb 27 2019 - 16:35:21 +0000)

AM335X-GP rev 2.1
I2C:   ready
DRAM:  256 MiB
Warning: failed to initialize boardinfo!
NAND:  512 MiB
MMC:   OMAP SD/MMC: 0
SF: Detected AT25SF041 with page size 256 Bytes, erase size 4 KiB, total 512 KiB
Net:   cpsw
U-Boot# ]
XtractDataEnh::XtractRegExp(DEBUG): return extract [{'1': 'U-Boot ', '0': '\nU-Boot SPL 2015.07-g4b8398c6a8 (Feb 27 2019 - 16:35:21)\nBooting from MMC1\nWarning: Boardinfo not found. \nreading u-boot.img\nreading u-boot.img\n\n\n\r', '3': ' (Feb 27 2019 - 16:35:21 +0000)\n\n\rAM335X-GP rev 2.1\n\rI2C:   ready\n\rDRAM:  256 MiB\n\rWarning: failed to initialize boardinfo!\n\rNAND:  512 MiB\n\rMMC:   OMAP SD/MMC: 0\n\rSF: Detected AT25SF041 with page size 256 Bytes, erase size 4 KiB, total 512 KiB\n\rNet:   cpsw\n\rU-Boot# ', '2': '2015.07-g4b8398c6a8'}]
INFO::LogRecBuff(0): received data:
| 
| U-Boot SPL 2015.07-g4b8398c6a8 (Feb 27 2019 - 16:35:21)
| Booting from MMC1
| Warning: Boardinfo not found. 
| reading u-boot.img
| reading u-boot.img
| 
| 
| U-Boot 2015.07-g4b8398c6a8 (Feb 27 2019 - 16:35:21 +0000)
| 
| AM335X-GP rev 2.1
| I2C:   ready
| DRAM:  256 MiB
| Warning: failed to initialize boardinfo!
| NAND:  512 MiB
| MMC:   OMAP SD/MMC: 0
| SF: Detected AT25SF041 with page size 256 Bytes, erase size 4 KiB, total 512 KiB
| Net:   cpsw
| U-Boot# 
XtractDataEnh::LogRecData(INFO): Time elapsed= 0.01
Result: PASS
--------------------
Step 42: [L.040.03. stop opt. autoboot]
INFO::FillVariables(0): FillVariables(args=['OnReply', '\n\n', '$UBootPrompt', '10'])

INFO::FillVariables(0): SET [OnReply]
INFO::FillVariables(0): SET [

]
INFO::FillVariables(0): SET [U-Boot#]
INFO::FillVariables(0): SET [10]
OnReply::LogModuleCall(INFO): #####  WaitCommon.TSCmd_WaitOnReply
OnReply::LogModuleCall(INFO): args= ['OnReply', '\n\n', 'U-Boot#', '10']
OnReply::TSCmd_WaitOnReply(INFO): send command : [

]
OnReply::TSCmd_WaitOnReply(DEBUG): '\n\rU-Boot# \n\rU-Boot# \n\rU-Boot# '.
OnReply::TSCmd_WaitOnReply(INFO): found reply [U-Boot#]
INFO::LogRecBuff(0): received data:
| 
| U-Boot# 
| U-Boot# 
| U-Boot# 
OnReply::LogRecData(INFO): Time elapsed= 0.12
Result: PASS
--------------------
Step 43: [L.040.04. Skip if UBootVersionFound]
INFO::FillVariables(0): FillVariables(args=['SkipStepsTilIf', '$_CommTmpVar_01', '!=', '{}', 'SKIP END: UBootVersionFound'])

INFO::FillVariables(0): SET [SkipStepsTilIf]
INFO::FillVariables(0): SET [{'1': 'U-Boot ', '0': '\nU-Boot SPL 2015.07-g4b8398c6a8 (Feb 27 2019 - 16:35:21)\nBooting from MMC1\nWarning: Boardinfo not found. \nreading u-boot.img\nreading u-boot.img\n\n\n\r', '3': ' (Feb 27 2019 - 16:35:21 +0000)\n\n\rAM335X-GP rev 2.1\n\rI2C:   ready\n\rDRAM:  256 MiB\n\rWarning: failed to initialize boardinfo!\n\rNAND:  512 MiB\n\rMMC:   OMAP SD/MMC: 0\n\rSF: Detected AT25SF041 with page size 256 Bytes, erase size 4 KiB, total 512 KiB\n\rNet:   cpsw\n\rU-Boot# ', '2': '2015.07-g4b8398c6a8'}]
INFO::FillVariables(0): SET [!=]
INFO::FillVariables(0): SET [{}]
INFO::FillVariables(0): SET [SKIP END: UBootVersionFound]
INFO::SkipStepsTilIf(0): 
#####  Internal Cmd SkipStepsTilIf:
args=[["{'1': 'U-Boot ', '0': '\\nU-Boot SPL 2015.07-g4b8398c6a8 (Feb 27 2019 - 16:35:21)\\nBooting from MMC1\\nWarning: Boardinfo not found. \\nreading u-boot.img\\nreading u-boot.img\\n\\n\\n\\r', '3': ' (Feb 27 2019 - 16:35:21 +0000)\\n\\n\\rAM335X-GP rev 2.1\\n\\rI2C:   ready\\n\\rDRAM:  256 MiB\\n\\rWarning: failed to initialize boardinfo!\\n\\rNAND:  512 MiB\\n\\rMMC:   OMAP SD/MMC: 0\\n\\rSF: Detected AT25SF041 with page size 256 Bytes, erase size 4 KiB, total 512 KiB\\n\\rNet:   cpsw\\n\\rU-Boot# ', '2': '2015.07-g4b8398c6a8'}", '!=', '{}', 'SKIP END: UBootVersionFound']]
INFO::SkipStepsTilIf(0): Comparision succeeded [{'1': 'U-Boot ', '0': '\nU-Boot SPL 2015.07-g4b8398c6a8 (Feb 27 2019 - 16:35:21)\nBooting from MMC1\nWarning: Boardinfo not found. \nreading u-boot.img\nreading u-boot.img\n\n\n\r', '3': ' (Feb 27 2019 - 16:35:21 +0000)\n\n\rAM335X-GP rev 2.1\n\rI2C:   ready\n\rDRAM:  256 MiB\n\rWarning: failed to initialize boardinfo!\n\rNAND:  512 MiB\n\rMMC:   OMAP SD/MMC: 0\n\rSF: Detected AT25SF041 with page size 256 Bytes, erase size 4 KiB, total 512 KiB\n\rNet:   cpsw\n\rU-Boot# ', '2': '2015.07-g4b8398c6a8'}][!=][{}]
Result: PASS
--------------------
Step 44: [L.040.05. Force Error NoVersionFound]
INFO::ActionSteps(0): 
   Skip this teststep because [SKIP END: UBootVersionFound] != [L.040.05. Force Error NoVersionFound]
Result: SKIP
--------------------
Step 45: [SKIP END: UBootVersionFound]
INFO::ActionSteps(0): 
No Skip this teststep because [SKIP END: UBootVersionFound] == [SKIP END: UBootVersionFound]
INFO::FillVariables(0): FillVariables(args=['LogInfo', 'Needed if UBootVersionFound'])

INFO::FillVariables(0): SET [LogInfo]
INFO::FillVariables(0): SET [Needed if UBootVersionFound]
INFO::Needed if UBootVersionFound
Result: PASS
--------------------
Step 46: [L.040.06. get Uboot Version string]
INFO::FillVariables(0): FillVariables(args=['SetListValue', '2', '$_CommTmpVar_01', '_CommTmpVar_02'])

INFO::FillVariables(0): SET [SetListValue]
INFO::FillVariables(0): SET [2]
INFO::FillVariables(0): SET [{'1': 'U-Boot ', '0': '\nU-Boot SPL 2015.07-g4b8398c6a8 (Feb 27 2019 - 16:35:21)\nBooting from MMC1\nWarning: Boardinfo not found. \nreading u-boot.img\nreading u-boot.img\n\n\n\r', '3': ' (Feb 27 2019 - 16:35:21 +0000)\n\n\rAM335X-GP rev 2.1\n\rI2C:   ready\n\rDRAM:  256 MiB\n\rWarning: failed to initialize boardinfo!\n\rNAND:  512 MiB\n\rMMC:   OMAP SD/MMC: 0\n\rSF: Detected AT25SF041 with page size 256 Bytes, erase size 4 KiB, total 512 KiB\n\rNet:   cpsw\n\rU-Boot# ', '2': '2015.07-g4b8398c6a8'}]
INFO::FillVariables(0): SET [_CommTmpVar_02]
INFO::SetListValue(0): 
#####  Internal Cmd SetListValue:
args=[['2', "{'1': 'U-Boot ', '0': '\\nU-Boot SPL 2015.07-g4b8398c6a8 (Feb 27 2019 - 16:35:21)\\nBooting from MMC1\\nWarning: Boardinfo not found. \\nreading u-boot.img\\nreading u-boot.img\\n\\n\\n\\r', '3': ' (Feb 27 2019 - 16:35:21 +0000)\\n\\n\\rAM335X-GP rev 2.1\\n\\rI2C:   ready\\n\\rDRAM:  256 MiB\\n\\rWarning: failed to initialize boardinfo!\\n\\rNAND:  512 MiB\\n\\rMMC:   OMAP SD/MMC: 0\\n\\rSF: Detected AT25SF041 with page size 256 Bytes, erase size 4 KiB, total 512 KiB\\n\\rNet:   cpsw\\n\\rU-Boot# ', '2': '2015.07-g4b8398c6a8'}", '_CommTmpVar_02']]
Result: PASS
--------------------
Step 47: [L.040.07. Skip if UBootVersionOK]
INFO::FillVariables(0): FillVariables(args=['SkipStepsTilIf', '$_CommTmpVar_02', '==', '$ReqUBootVersion', 'SKIP END: UBootVersionOK'])

INFO::FillVariables(0): SET [SkipStepsTilIf]
INFO::FillVariables(0): SET [2015.07-g4b8398c6a8]
INFO::FillVariables(0): SET [==]
INFO::FillVariables(0): SET [2015.07-g4b8398c6a8]
INFO::FillVariables(0): SET [SKIP END: UBootVersionOK]
INFO::SkipStepsTilIf(0): 
#####  Internal Cmd SkipStepsTilIf:
args=[['2015.07-g4b8398c6a8', '==', '2015.07-g4b8398c6a8', 'SKIP END: UBootVersionOK']]
INFO::SkipStepsTilIf(0): Comparision succeeded [2015.07-g4b8398c6a8][==][2015.07-g4b8398c6a8]
Result: PASS
--------------------
Step 48: [L.040.08. Force Error NoVersionFound]
INFO::ActionSteps(0): 
   Skip this teststep because [SKIP END: UBootVersionOK] != [L.040.08. Force Error NoVersionFound]
Result: SKIP
--------------------
Step 49: [SKIP END: UBootVersionOK]
INFO::ActionSteps(0): 
No Skip this teststep because [SKIP END: UBootVersionOK] == [SKIP END: UBootVersionOK]
INFO::FillVariables(0): FillVariables(args=['LogInfo', 'Needed if UBootVersionOK'])

INFO::FillVariables(0): SET [LogInfo]
INFO::FillVariables(0): SET [Needed if UBootVersionOK]
INFO::Needed if UBootVersionOK
Result: PASS
--------------------
Step 50: [L.040.09. set bootdelay -1]
INFO::FillVariables(0): FillVariables(args=['OnReply', 'setenv bootdelay -1', '$UBootPrompt', '10'])

INFO::FillVariables(0): SET [OnReply]
INFO::FillVariables(0): SET [setenv bootdelay -1]
INFO::FillVariables(0): SET [U-Boot#]
INFO::FillVariables(0): SET [10]
OnReply::LogModuleCall(INFO): #####  WaitCommon.TSCmd_WaitOnReply
OnReply::LogModuleCall(INFO): args= ['OnReply', 'setenv bootdelay -1', 'U-Boot#', '10']
OnReply::TSCmd_WaitOnReply(INFO): send command : [setenv bootdelay -1]
OnReply::TSCmd_WaitOnReply(DEBUG): 'setenv bootdelay -1\n\rU-Boot# '.
OnReply::TSCmd_WaitOnReply(INFO): found reply [U-Boot#]
INFO::LogRecBuff(0): received data:
| setenv bootdelay -1
| U-Boot# 
OnReply::LogRecData(INFO): Time elapsed= 0.11
Result: PASS
--------------------
Step 51: [L.040.10. set ethaddr (empty)]
INFO::FillVariables(0): FillVariables(args=['OnReply', 'setenv ethaddr', '$UBootPrompt', '10'])

INFO::FillVariables(0): SET [OnReply]
INFO::FillVariables(0): SET [setenv ethaddr]
INFO::FillVariables(0): SET [U-Boot#]
INFO::FillVariables(0): SET [10]
OnReply::LogModuleCall(INFO): #####  WaitCommon.TSCmd_WaitOnReply
OnReply::LogModuleCall(INFO): args= ['OnReply', 'setenv ethaddr', 'U-Boot#', '10']
OnReply::TSCmd_WaitOnReply(INFO): send command : [setenv ethaddr]
OnReply::TSCmd_WaitOnReply(DEBUG): 'setenv ethaddr\n\rU-Boot# '.
OnReply::TSCmd_WaitOnReply(INFO): found reply [U-Boot#]
INFO::LogRecBuff(0): received data:
| setenv ethaddr
| U-Boot# 
OnReply::LogRecData(INFO): Time elapsed= 0.10
Result: PASS
--------------------
Step 52: [L.040.11. save environment]
INFO::FillVariables(0): FillVariables(args=['OnReply', 'saveenv', '$UBootPrompt', '10'])

INFO::FillVariables(0): SET [OnReply]
INFO::FillVariables(0): SET [saveenv]
INFO::FillVariables(0): SET [U-Boot#]
INFO::FillVariables(0): SET [10]
OnReply::LogModuleCall(INFO): #####  WaitCommon.TSCmd_WaitOnReply
OnReply::LogModuleCall(INFO): args= ['OnReply', 'saveenv', 'U-Boot#', '10']
OnReply::TSCmd_WaitOnReply(INFO): send command : [saveenv]
OnReply::TSCmd_WaitOnReply(DEBUG): 'saveenv\n\rSaving Environment to MMC...\n\rWriting to MMC(0)... done\n\rU-Boot# '.
OnReply::TSCmd_WaitOnReply(INFO): found reply [U-Boot#]
INFO::LogRecBuff(0): received data:
| saveenv
| Saving Environment to MMC...
| Writing to MMC(0)... done
| U-Boot# 
OnReply::LogRecData(INFO): Time elapsed= 0.11
Result: PASS
--------------------
Step 53: [L.050.01. Set boardinfo [name]]
INFO::FillVariables(0): FillVariables(args=['OnReplyList', 'boardinfo name $DUT_EEBoardInfoName', "['Boardinfo: OK', '$UBootPrompt']", '10'])

INFO::FillVariables(0): SET [OnReplyList]
INFO::FillVariables(0): SET [boardinfo name msc-nR-am335x]
INFO::FillVariables(0): SET [['Boardinfo: OK', 'U-Boot#']]
INFO::FillVariables(0): SET [10]
OnReplyList::LogModuleCall(INFO): #####  WaitCommon.TSCmd_WaitListOnReply
OnReplyList::LogModuleCall(INFO): args= ['OnReplyList', 'boardinfo name msc-nR-am335x', "['Boardinfo: OK', 'U-Boot#']", '10']
OnReplyList::TSCmd_WaitListOnReply(INFO): send command : [boardinfo name msc-nR-am335x]
OnReplyList::TSCmd_WaitListOnReply(DEBUG): 'boardinfo name msc-nR-am335x\n\rBoardinfo: OK \n\rU-Boot# '.
OnReplyList::TSCmd_WaitListOnReply(INFO): found pattern [Boardinfo: OK]
OnReplyList::TSCmd_WaitListOnReply(INFO): found pattern [U-Boot#]
INFO::LogRecBuff(0): received data:
| boardinfo name msc-nR-am335x
| Boardinfo: OK 
| U-Boot# 
OnReplyList::LogRecData(INFO): Time elapsed= 0.22
Result: PASS
--------------------
Step 54: [L.050.02. Set boardinfo [variant]]
INFO::FillVariables(0): FillVariables(args=['OnReplyList', 'boardinfo variant $DUT_EEBoardInfoVariant', "['Boardinfo: OK', '$UBootPrompt']", '10'])

INFO::FillVariables(0): SET [OnReplyList]
INFO::FillVariables(0): SET [boardinfo variant 002]
INFO::FillVariables(0): SET [['Boardinfo: OK', 'U-Boot#']]
INFO::FillVariables(0): SET [10]
OnReplyList::LogModuleCall(INFO): #####  WaitCommon.TSCmd_WaitListOnReply
OnReplyList::LogModuleCall(INFO): args= ['OnReplyList', 'boardinfo variant 002', "['Boardinfo: OK', 'U-Boot#']", '10']
OnReplyList::TSCmd_WaitListOnReply(INFO): send command : [boardinfo variant 002]
OnReplyList::TSCmd_WaitListOnReply(DEBUG): 'boardinfo variant 002\n\rBoardinfo: OK \n\rU-Boot# '.
OnReplyList::TSCmd_WaitListOnReply(INFO): found pattern [Boardinfo: OK]
OnReplyList::TSCmd_WaitListOnReply(INFO): found pattern [U-Boot#]
INFO::LogRecBuff(0): received data:
| boardinfo variant 002
| Boardinfo: OK 
| U-Boot# 
OnReplyList::LogRecData(INFO): Time elapsed= 0.22
Result: PASS
--------------------
Step 55: [L.050.03. Set boardinfo [feature]]
INFO::FillVariables(0): FillVariables(args=['OnReplyList', 'boardinfo feature $CustomerProductRevision', "['Boardinfo: OK', '$UBootPrompt']", '10'])

INFO::FillVariables(0): SET [OnReplyList]
INFO::FillVariables(0): SET [boardinfo feature 053]
INFO::FillVariables(0): SET [['Boardinfo: OK', 'U-Boot#']]
INFO::FillVariables(0): SET [10]
OnReplyList::LogModuleCall(INFO): #####  WaitCommon.TSCmd_WaitListOnReply
OnReplyList::LogModuleCall(INFO): args= ['OnReplyList', 'boardinfo feature 053', "['Boardinfo: OK', 'U-Boot#']", '10']
OnReplyList::TSCmd_WaitListOnReply(INFO): send command : [boardinfo feature 053]
OnReplyList::TSCmd_WaitListOnReply(DEBUG): 'boardinfo feature 053\n\rBoardinfo: OK \n\rU-Boot# '.
OnReplyList::TSCmd_WaitListOnReply(INFO): found pattern [Boardinfo: OK]
OnReplyList::TSCmd_WaitListOnReply(INFO): found pattern [U-Boot#]
INFO::LogRecBuff(0): received data:
| boardinfo feature 053
| Boardinfo: OK 
| U-Boot# 
OnReplyList::LogRecData(INFO): Time elapsed= 0.22
Result: PASS
--------------------
Step 56: [L.050.05. Set boardinfo [serial]]
INFO::FillVariables(0): FillVariables(args=['OnReplyList', 'boardinfo serial $BoardId', "['Boardinfo: OK', '$UBootPrompt']", '10'])

INFO::FillVariables(0): SET [OnReplyList]
INFO::FillVariables(0): SET [boardinfo serial 1017353207]
INFO::FillVariables(0): SET [['Boardinfo: OK', 'U-Boot#']]
INFO::FillVariables(0): SET [10]
OnReplyList::LogModuleCall(INFO): #####  WaitCommon.TSCmd_WaitListOnReply
OnReplyList::LogModuleCall(INFO): args= ['OnReplyList', 'boardinfo serial 1017353207', "['Boardinfo: OK', 'U-Boot#']", '10']
OnReplyList::TSCmd_WaitListOnReply(INFO): send command : [boardinfo serial 1017353207]
OnReplyList::TSCmd_WaitListOnReply(DEBUG): 'boardinfo serial 1017353207\n\rBoardinfo: OK \n\rU-Boot# '.
OnReplyList::TSCmd_WaitListOnReply(INFO): found pattern [Boardinfo: OK]
OnReplyList::TSCmd_WaitListOnReply(INFO): found pattern [U-Boot#]
INFO::LogRecBuff(0): received data:
| boardinfo serial 1017353207
| Boardinfo: OK 
| U-Boot# 
OnReplyList::LogRecData(INFO): Time elapsed= 0.21
Result: PASS
--------------------
Step 57: [L.050.06. Save boardinfo to EEPROM]
INFO::FillVariables(0): FillVariables(args=['OnReplyList', 'boardinfo save', "['Boardinfo: save done', '$UBootPrompt']", '10'])

INFO::FillVariables(0): SET [OnReplyList]
INFO::FillVariables(0): SET [boardinfo save]
INFO::FillVariables(0): SET [['Boardinfo: save done', 'U-Boot#']]
INFO::FillVariables(0): SET [10]
OnReplyList::LogModuleCall(INFO): #####  WaitCommon.TSCmd_WaitListOnReply
OnReplyList::LogModuleCall(INFO): args= ['OnReplyList', 'boardinfo save', "['Boardinfo: save done', 'U-Boot#']", '10']
OnReplyList::TSCmd_WaitListOnReply(INFO): send command : [boardinfo save]
OnReplyList::TSCmd_WaitListOnReply(DEBUG): 'boardinfo save\n\r'.
OnReplyList::TSCmd_WaitListOnReply(DEBUG): 'Boardinfo: save done. \n\rU-Boot# '.
OnReplyList::TSCmd_WaitListOnReply(INFO): found pattern [Boardinfo: save done]
OnReplyList::TSCmd_WaitListOnReply(INFO): found pattern [U-Boot#]
INFO::LogRecBuff(0): received data:
| boardinfo save
| Boardinfo: save done. 
| U-Boot# 
OnReplyList::LogRecData(INFO): Time elapsed= 0.43
Result: PASS
--------------------
Step 58: [L.050.07. now reset for boardinfo]
INFO::FillVariables(0): FillVariables(args=['OnReply', 'reset', '$UBootPrompt', '20'])

INFO::FillVariables(0): SET [OnReply]
INFO::FillVariables(0): SET [reset]
INFO::FillVariables(0): SET [U-Boot#]
INFO::FillVariables(0): SET [20]
OnReply::LogModuleCall(INFO): #####  WaitCommon.TSCmd_WaitOnReply
OnReply::LogModuleCall(INFO): args= ['OnReply', 'reset', 'U-Boot#', '20']
OnReply::TSCmd_WaitOnReply(INFO): send command : [reset]
OnReply::TSCmd_WaitOnReply(DEBUG): 'reset\n\rresetting ...\n\r'.
OnReply::TSCmd_WaitOnReply(DEBUG): '\r\nU-Boot SPL 2015.07-g4b8398c6a8 (Feb 27 2019 - 16:35:21)\r\nBooting from MMC1\r\n'.
OnReply::TSCmd_WaitOnReply(DEBUG): 'Boardinfo: \r\n  name ......... msc-nR-am335x\r\n  variant ...... 002\r\n  feature ...... 053\r\n  serial ....... 1017353207\r\n'.
OnReply::TSCmd_WaitOnReply(DEBUG): 'reading u-boot.img\r\nreading u-boot.img\r\n'.
OnReply::TSCmd_WaitOnReply(DEBUG): '\n\r\n\rU-Boot 2015.07-g4b8398c6a8 (Feb 27 2019 - 16:35:21 +0000)\n\r\n\rAM335X-GP rev 2.1\n\rI2C:   ready\n\rDRAM:  256 MiB\n\r'.
OnReply::TSCmd_WaitOnReply(DEBUG): 'NAND:  512 MiB\n\rMMC:   OMAP SD/MMC: 0\n\r'.
OnReply::TSCmd_WaitOnReply(DEBUG): 'SF: Detected AT25SF041 with page size 256 Bytes, erase size 4 KiB, total 512 KiB\n\rNet:   cpsw\n\rU-Boot# '.
OnReply::TSCmd_WaitOnReply(INFO): found reply [U-Boot#]
INFO::LogRecBuff(0): received data:
| reset
| resetting ...
| 
| U-Boot SPL 2015.07-g4b8398c6a8 (Feb 27 2019 - 16:35:21)
| Booting from MMC1
| Boardinfo: 
|   name ......... msc-nR-am335x
|   variant ...... 002
|   feature ...... 053
|   serial ....... 1017353207
| reading u-boot.img
| reading u-boot.img
| 
| 
| U-Boot 2015.07-g4b8398c6a8 (Feb 27 2019 - 16:35:21 +0000)
| 
| AM335X-GP rev 2.1
| I2C:   ready
| DRAM:  256 MiB
| NAND:  512 MiB
| MMC:   OMAP SD/MMC: 0
| SF: Detected AT25SF041 with page size 256 Bytes, erase size 4 KiB, total 512 KiB
| Net:   cpsw
| U-Boot# 
OnReply::LogRecData(INFO): Time elapsed= 2.62
Result: PASS
--------------------
Step 59: [L.060.01. Skip if NoBootFromLAN]
INFO::FillVariables(0): FillVariables(args=['SkipStepsTilIf', '$HW_LAN_BOOT', '!=', 'TRUE', 'SKIP END: NoBootFromLAN'])

INFO::FillVariables(0): SET [SkipStepsTilIf]
INFO::FillVariables(0): SET [FALSE]
INFO::FillVariables(0): SET [!=]
INFO::FillVariables(0): SET [TRUE]
INFO::FillVariables(0): SET [SKIP END: NoBootFromLAN]
INFO::SkipStepsTilIf(0): 
#####  Internal Cmd SkipStepsTilIf:
args=[['FALSE', '!=', 'TRUE', 'SKIP END: NoBootFromLAN']]
INFO::SkipStepsTilIf(0): Comparision succeeded [FALSE][!=][TRUE]
Result: PASS
--------------------
Step 60: [L.060.02. get IP address via DHCP]
INFO::ActionSteps(0): 
   Skip this teststep because [SKIP END: NoBootFromLAN] != [L.060.02. get IP address via DHCP]
Result: SKIP
--------------------
Step 61: [L.060.03. set IP address of server]
INFO::ActionSteps(0): 
   Skip this teststep because [SKIP END: NoBootFromLAN] != [L.060.03. set IP address of server]
Result: SKIP
--------------------
Step 62: [L.060.04. load FDT file]
INFO::ActionSteps(0): 
   Skip this teststep because [SKIP END: NoBootFromLAN] != [L.060.04. load FDT file]
Result: SKIP
--------------------
Step 63: [L.060.05. load Kernel]
INFO::ActionSteps(0): 
   Skip this teststep because [SKIP END: NoBootFromLAN] != [L.060.05. load Kernel]
Result: SKIP
--------------------
Step 64: [L.060.06. set boot arguments]
INFO::ActionSteps(0): 
   Skip this teststep because [SKIP END: NoBootFromLAN] != [L.060.06. set boot arguments]
Result: SKIP
--------------------
Step 65: [L.060.07. now boot linux]
INFO::ActionSteps(0): 
   Skip this teststep because [SKIP END: NoBootFromLAN] != [L.060.07. now boot linux]
Result: SKIP
--------------------
Step 66: [SKIP END: NoBootFromLAN]
INFO::ActionSteps(0): 
No Skip this teststep because [SKIP END: NoBootFromLAN] == [SKIP END: NoBootFromLAN]
INFO::FillVariables(0): FillVariables(args=['LogInfo', 'Needed if NoBootFromLAN'])

INFO::FillVariables(0): SET [LogInfo]
INFO::FillVariables(0): SET [Needed if NoBootFromLAN]
INFO::Needed if NoBootFromLAN
Result: PASS
--------------------
Step 67: [L.060.08. Skip if BootFromLAN]
INFO::FillVariables(0): FillVariables(args=['SkipStepsTilIf', '$HW_LAN_BOOT', '==', 'TRUE', 'SKIP END: BootFromLAN'])

INFO::FillVariables(0): SET [SkipStepsTilIf]
INFO::FillVariables(0): SET [FALSE]
INFO::FillVariables(0): SET [==]
INFO::FillVariables(0): SET [TRUE]
INFO::FillVariables(0): SET [SKIP END: BootFromLAN]
INFO::SkipStepsTilIf(0): 
#####  Internal Cmd SkipStepsTilIf:
args=[['FALSE', '==', 'TRUE', 'SKIP END: BootFromLAN']]
INFO::SkipStepsTilIf(0): Comparision failed [FALSE][==][TRUE]
Result: PASS
--------------------
Step 68: [L.060.09. now boot linux]
INFO::FillVariables(0): FillVariables(args=['OnReply', 'boot', 'login:', '60'])

INFO::FillVariables(0): SET [OnReply]
INFO::FillVariables(0): SET [boot]
INFO::FillVariables(0): SET [login:]
INFO::FillVariables(0): SET [60]
OnReply::LogModuleCall(INFO): #####  WaitCommon.TSCmd_WaitOnReply
OnReply::LogModuleCall(INFO): args= ['OnReply', 'boot', 'login:', '60']
OnReply::TSCmd_WaitOnReply(INFO): send command : [boot]
OnReply::TSCmd_WaitOnReply(DEBUG): 'boot\n\rAttempting usb boot...\n\rstarting USB...\n\rUSB0:   '.
OnReply::TSCmd_WaitOnReply(DEBUG): 'Port not available.\n\rUSB1:   '.
OnReply::TSCmd_WaitOnReply(DEBUG): 'scanning bus 1 for devices... '.
OnReply::TSCmd_WaitOnReply(DEBUG): '1 USB Device(s) found\n\r       scanning usb for storage devices... '.
OnReply::TSCmd_WaitOnReply(DEBUG): '1 Storage Device(s) found\n\r\n\rUSB device 0: \n\r    Device 0: Vendor: JetFlash Rev: 8.07 Prod: Transcend 4GB   \n\r            Type: Removable Hard Disk\n\r            Capacity: 3840.0 MB = 3.7 GB (7864320 x 512)\n\r... is now current device\n\rLoading environment (uEnv.txt) from USB ...\n\r'.
OnReply::TSCmd_WaitOnReply(DEBUG): 'reading boot/uEnv.txt\n\r** Unable to read file boot/uEnv.txt **\n\rAttempting mmc boot...\n\r'.
OnReply::TSCmd_WaitOnReply(DEBUG): 'Loading environment (uEnv.txt) from MMC0 ...\n\rreading /uEnv.txt\n\r285 bytes read in 2 ms (138.7 KiB/s)\n\rImporting environment (uEnv.txt) ...\n\rLoading linux image (/zImage) from MMC0 ...\n\rreading /zImage\n\r'.
OnReply::TSCmd_WaitOnReply(DEBUG): '4929432 bytes read in 285 ms (16.5 MiB/s)\n\rLoading FDT image (dtb/msc-nR-am335x-004-013-boundaryscan.dtb) from MMC0 ...\n\rreading dtb/msc-nR-am335x-004-013-boundaryscan.dtb\n\r35917 bytes read in 10 ms (3.4 MiB/s)\n\rreading initramfs.zimage\n\r'.
OnReply::TSCmd_WaitOnReply(DEBUG): '32321687 bytes read in 1851 ms (16.7 MiB/s)\n\rKernel image @ 0x82000000 [ 0x000000 - 0x4b3798 ]\n\r## Loading init Ramdisk from Legacy Image at 85000000 ...\n\r   Image Name:   Ramdisk Image\n\r   Created:      2019-02-28  19:10:38 UTC\n\r   Image Type:   ARM Linux RAMDisk Image (gzip compressed)\n\r   Data Size:    32321623 Bytes = 30.8 MiB\n\r   Load Address: 00000000\n\r   Entry Point:  00000000\n\r   Verifying Checksum ... '.
OnReply::TSCmd_WaitOnReply(DEBUG): 'OK\n\r## Flattened Device Tree blob at 81000000\n\r   Booting using the fdt blob at 0x81000000\n\r   Using Device Tree in place at 81000000, end 8100bc4c\n\r\n\rStarting kernel ...\n\r\n\r'.
OnReply::TSCmd_WaitOnReply(DEBUG): '[    0.000000] Booting Linux on physical CPU 0x0\r\n[    0.000000] Linux version 4.9.58-g1ccdcba1f5 (oe-user@oe-host) (gcc version 7.3.0 (GCC) ) #1 SMP Wed Feb 27 15:45:20 UTC 2019\r\n[    0.000000] CPU: ARMv7 Processor [413fc082] revision 2 (ARMv7), cr=10c5387d\r\n[    0.000000] CPU: PIPT / VIPT nonaliasing data cache, VIPT aliasing instruction cache\r\n[    0.000000] OF: fdt:Machine model: MSC AM335x nanoRISC\r\n[    0.000000] cma: Reserved 24 MiB at 0x8e000000\r\n[    0.000000] Memory policy: Data cache writeback\r\n[    0.000000] CPU: All CPU(s) started in SVC mode.\r\n[    0.000000] AM335X ES2.1 (sgx neon)\r\n[    0.000000] percpu: Embedded 14 pages/cpu @cfbc1000 s26124 r8192 d23028 u57344\r\n[    0.000000] Built 1 zonelists in Zone order, mobility grouping on.  Total pages: 64516\r\n[    0.000000] Kernel command line: console=ttyO3,115200n8 root=/dev/ram0 rw rootfstype=\r\n[    0.000000] PID hash table entries: 1024 (order: 0, 4096 bytes)\r\n[    0.000000] Dentry cache hash table entries: 32768 (order: 5, 131072 bytes)\r\n[    0.0'.
OnReply::TSCmd_WaitOnReply(DEBUG): '00000] Inode-cache hash table entries: 16384 (order: 4, 65536 bytes)\r\n[    0.000000] Memory: 190400K/260096K available (7168K kernel code, 490K rwdata, 1916K rodata, 1024K init, 271K bss, 45120K reserved, 24576K cma-reserved, 0K highmem)\r\n[    0.000000] Virtual kernel memory layout:\r\n[    0.000000]     vector  : 0xffff0000 - 0xffff1000   (   4 kB)\r\n[    0.000000]     fixmap  : 0xffc00000 - 0xfff00000   (3072 kB)\r\n[    0.000000]     vmalloc : 0xd0000000 - 0xff800000   ( 760 MB)\r\n[    0.000000]     lowmem  : 0xc0000000 - 0xcfe00000   ( 254 MB)\r\n[    0.000000]     pkmap   : 0xbfe00000 - 0xc0000000   (   2 MB)\r\n[    0.000000]     modules : 0xbf000000 - 0xbfe00000   (  14 MB)\r\n[    0.000000]       .text : 0xc0008000 - 0xc0800000   (8160 kB)\r\n[    0.000000]       .init : 0xc0a00000 - 0xc0b00000   (1024 kB)\r\n[    0.000000]       .data : 0xc0b00000 - 0xc0b7a9a8   ( 491 kB)\r\n[    0.000000]        .bss : 0xc0b7c000 - 0xc0bbfc9c   ( 272 kB)\r\n[    0.000000] Hierarchical RCU implementation.\r\n[    0.000000] \tBuild-time adjustment of leaf fanout to 32.\r\n[    0.000000] \tRCU restricting CPUs from NR_CPUS=2 to nr_cpu_ids=1.\r\n[    0.000000] RCU: Adjusting geometry for rcu_fanout_leaf=32, nr_cpu_ids=1\r\n[    0.000000] NR_IRQS:16 nr_irqs:16 16\r\n[    0.000000] IRQ: Found an INTC at 0xfa200000 (revision 5.0) with 128 interrupts\r\n[    0.000000] OMAP clockevent source: timer2 at 24000000 Hz\r\n[    0.000016] sched_clock: 32 bits at 24MHz, resolution 41ns, wraps every 89478484971ns\r\n[    0.000040] clocksource: timer1: mask: 0xffffffff max_cycles: 0xffffffff, max_idle_ns: 79635851949 ns\r\n[    0.000053] OMAP clocksource: timer1 at 24000000 Hz\r\n[    0.000659] clocksource_probe: no matching clocksources found\r\n[    0.000995] Console: colour dummy device 80x30\r\n[    0.001030] Calibrating delay loop... 795.44 BogoMIPS (lpj=3977216)\r\n[    0.088994] pid_max: default: 32768 minimum: 301\r\n[    0.089125] Security Framework initialized\r\n[    0.089190] Mount-cache hash table entries: 1024 (order: 0, 4096 bytes)\r\n[    0.089202] Mountpoint-cache hash table'.
OnReply::TSCmd_WaitOnReply(DEBUG): ' entries: 1024 (order: 0, 4096 bytes)\r\n[    0.089940] CPU: Testing write buffer coherency: ok\r\n[    0.090361] CPU0: thread -1, cpu 0, socket -1, mpidr 0\r\n[    0.090426] Setting up static identity map for 0x80100000 - 0x80100070\r\n[    0.092056] Brought up 1 CPUs\r\n[    0.092078] SMP: Total of 1 processors activated (795.44 BogoMIPS).\r\n[    0.092087] CPU: All CPU(s) started in SVC mode.\r\n[    0.093951] devtmpfs: initialized\r\n[    0.107656] VFP support v0.3: implementor 41 architecture 3 part 30 variant c rev 3\r\n[    0.108398] clocksource: jiffies: mask: 0xffffffff max_cycles: 0xffffffff, max_idle_ns: 19112604462750000 ns\r\n[    0.108433] futex hash table entries: 256 (order: 2, 16384 bytes)\r\n[    0.110296] pinctrl core: initialized pinctrl subsystem\r\n[    0.111912] NET: Registered protocol family 16\r\n[    0.114404] DMA: preallocated 256 KiB pool for atomic coherent allocations\r\n[    0.140264] omap_hwmod: debugss: _wait_target_disable failed\r\n[    0.182920] cpuidle: using governor ladder\r\n[    0.182943] cpuidle: u'.
OnReply::TSCmd_WaitOnReply(DEBUG): 'sing governor menu\r\n[    0.183354] In pdata_quirks_init at 628.\r\n[    0.196791] OMAP GPIO hardware version 0.1\r\n[    0.224379] omap-gpmc 50000000.gpmc: could not find pctldev for node /ocp/l4_wkup@44c00000/scm@210000/pinmux@800/pinmux_nandflash_pins, deferring probe\r\n[    0.228949] hw-breakpoint: debug architecture 0x4 unsupported.\r\n[    0.230073] omap4_sram_init:Unable to allocate sram needed to handle errata I688\r\n[    0.230094] omap4_sram_init:Unable to get sram pool needed to handle errata I688\r\n[    0.296046] edma 49000000.edma: TI EDMA DMA engine driver\r\n[    0.302814] vgaarb: loaded\r\n[    0.304099] SCSI subsystem initialized\r\n[    0.305836] usbcore: registered new interface driver usbfs\r\n[    0.305999] usbcore: registered new interface driver hub\r\n[    0.306109] usbcore: registered new device driver usb\r\n[    0.307089] omap_i2c 4802a000.i2c: could not find pctldev for node /ocp/l4_wkup@44c00000/scm@210000/pinmux@800/pinmux_i2c1_pins, deferring probe\r\n[    0.307155] omap_i2c 4819c000.i2c: could not find'.
OnReply::TSCmd_WaitOnReply(DEBUG): ' pctldev for node /ocp/l4_wkup@44c00000/scm@210000/pinmux@800/pinmux_i2c2_pins, deferring probe\r\n[    0.307323] media: Linux media interface: v0.10\r\n[    0.307852] Linux video capture interface: v2.00\r\n[    0.308054] pps_core: LinuxPPS API ver. 1 registered\r\n[    0.308065] pps_core: Software ver. 5.3.6 - Copyright 2005-2007 Rodolfo Giometti <giometti@linux.it>\r\n[    0.308160] PTP clock support registered\r\n[    0.311072] omap-mailbox 480c8000.mailbox: omap mailbox rev 0x400\r\n[    0.312464] Advanced Linux Sound Architecture Driver Initialized.\r\n[    0.315025] clocksource: Switched to clocksource timer1\r\n[    0.315244] VFS: Disk quotas dquot_6.6.0\r\n[    0.315337] VFS: Dquot-cache hash table entries: 1024 (order 0, 4096 bytes)\r\n[    0.344658] NET: Registered protocol family 2\r\n[    0.346074] TCP established hash table entries: 2048 (order: 1, 8192 bytes)\r\n[    0.346115] TCP bind hash table entries: 2048 (order: 2, 16384 bytes)\r\n[    0.346157] TCP: Hash tables configured (established 2048 bind 2048)\r\n[    0.346230'.
OnReply::TSCmd_WaitOnReply(DEBUG): '] UDP hash table entries: 256 (order: 1, 8192 bytes)\r\n[    0.346255] UDP-Lite hash table entries: 256 (order: 1, 8192 bytes)\r\n[    0.346439] NET: Registered protocol family 1\r\n[    0.347134] RPC: Registered named UNIX socket transport module.\r\n[    0.347152] RPC: Registered udp transport module.\r\n[    0.347160] RPC: Registered tcp transport module.\r\n[    0.347168] RPC: Registered tcp NFSv4.1 backchannel transport module.\r\n[    0.347854] Trying to unpack rootfs image as initramfs...\r\n[    2.555098] random: fast init done\r\n[    3.183353] Freeing initrd memory: 31568K\r\n[    3.183887] NetWinder Floating Point Emulator V0.97 (double precision)\r\n[    3.184785] hw perfevents: enabled with armv7_cortex_a8 PMU driver, 5 counters available\r\n[    3.190825] workingset: timestamp_bits=30 max_order=16 bucket_order=0\r\n[    3.191740] NFS: Registering the id_resolver key type\r\n[    3.191790] Key type id_resolver registered\r\n[    3.191800] Key type id_legacy registered\r\n[    3.191855] jffs2: version 2.2. (NAND) (SUMMARY)  \xc2\xa9 2'.
OnReply::TSCmd_WaitOnReply(DEBUG): '001-2006 Red Hat, Inc.\r\n[    3.198028] NET: Registered protocol family 38\r\n[    3.198087] io scheduler noop registered\r\n[    3.198097] io scheduler deadline registered\r\n[    3.198170] io scheduler cfq registered (default)\r\n[    3.199554] pinctrl-single 44e10800.pinmux: 142 pins at pa f9e10800 size 568\r\n[    3.202578] wkup_m3_ipc 44e11324.wkup_m3_ipc: could not get rproc handle\r\n[    3.207115] Serial: 8250/16550 driver, 4 ports, IRQ sharing enabled\r\n[    3.210124] omap_uart 44e09000.serial: no wakeirq for uart0\r\n[    3.210361] 44e09000.serial: ttyO0 at MMIO 0x44e09000 (irq = 158, base_baud = 3000000) is a OMAP UART0\r\n[    3.211209] pinctrl-single 44e10800.pinmux: pin 44e1092c.0 already requested by 44e10800.pinmux; cannot claim for 48024000.serial\r\n[    3.211230] pinctrl-single 44e10800.pinmux: pin-75 (48024000.serial) status -22\r\n[    3.211244] pinctrl-single 44e10800.pinmux: could not request pin 75 (44e1092c.0) from group pinmux_uart2_pins  on device pinctrl-single\r\n[    3.211256] omap_uart 48024000.serial: Error applying setting, reverse things back\r\n[    3.211283] omap_uart: probe of 48024000.serial failed with error -22\r\n[    3.211450] omap_uart 481a6000.serial: no wakeirq for uart3\r\n[    3.212012] 481a6000.serial: ttyO3 at MMIO 0x481a6000 (irq = 160, base_baud = 3000000) is a OMAP UART3\r\n[    3.987126] console [ttyO3] enabled\r\n[    3.992717] omap_rng 48310000.rng: OMAP Random Number Generator ver. 20\r\n[    4.000626] [drm] Initialized\r\n[    4.027651] brd: module loaded\r\n'.
OnReply::TSCmd_WaitOnReply(DEBUG): '[    4.043162] loop: module loaded\r\n[    4.047742] boarddata boarddata: cannot get MTD device, so defer probing \r\n[    4.057793] mtdoops: mtd device (mtddev=name/number) must be supplied\r\n[    4.068717] m25p80 spi1.0: at25sf041 (512 Kbytes)\r\n[    4.073706] 3 ofpart partitions found on MTD device spi1.0\r\n[    4.079621] Creating 3 MTD partitions on "spi1.0":\r\n[    4.085228] 0x000000000000-0x000000014000 : "SPI.spl"\r\n[    4.092711] 0x000000014000-0x000000016000 : "SPI.u-boot-env"\r\n[    4.101371] 0x000000016000-0x000000080000 : "SPI.u-boot"\r\n[    4.112011] libphy: Fixed MDIO Bus: probed\r\n'.
OnReply::TSCmd_WaitOnReply(DEBUG): '[    4.185064] davinci_mdio 4a101000.mdio: davinci mdio revision 1.6\r\n[    4.191470] davinci_mdio 4a101000.mdio: detected phy mask fffffff7\r\n[    4.205758] libphy: 4a101000.mdio: probed\r\n[    4.209988] davinci_mdio 4a101000.mdio: phy[3]: device 4a101000.mdio:03, driver unknown\r\n[    4.219885] cpsw 4a100000.ethernet: Detected MACID = 3c:e0:64:bc:ac:5f\r\n[    4.230675] usbcore: registered new interface driver asix\r\n'.
OnReply::TSCmd_WaitOnReply(DEBUG): "[    4.238023] usbcore: registered new interface driver ax88179_178a\r\n[    4.244722] usbcore: registered new interface driver cdc_ether\r\n[    4.251176] usbcore: registered new interface driver smsc95xx\r\n[    4.257544] usbcore: registered new interface driver net1080\r\n[    4.263760] usbcore: registered new interface driver cdc_subset\r\n[    4.270443] usbcore: registered new interface driver zaurus\r\n[    4.276730] usbcore: registered new interface driver cdc_ncm\r\n[    4.284004] ehci_hcd: USB 2.0 'Enhanced' Host Controller (EHCI) Driver\r\n[    4.290959] ehci-pci: EHCI PCI platform driver\r\n[    4.296037] ehci-omap: OMAP-EHCI Host Controller driver\r\n[    4.301988] usbcore: registered new interface driver cdc_wdm\r\n[    4.308973] usbcore: registered new interface driver usb-storage\r\n[    4.316318] mousedev: PS/2 mouse device common for all mice\r\n[    4.325975] omap_rtc 44e3e000.rtc: rtc core: registered 44e3e000.rtc as rtc0\r\n[    4.333732] i2c /dev entries driver\r\n".
OnReply::TSCmd_WaitOnReply(DEBUG): '[    4.397051] OF: /ocp/mmc@47810000: could not get #dma-cells for /ocp/l4_wkup@44c00000/prcm@200000/clocks/clkdiv32k_ck\r\n[    4.410277] omap_hsmmc 47810000.mmc: RX DMA channel request failed\r\n[    4.417862] ledtrig-cpu: registered to indicate activity on CPUs\r\n[    4.424936] omap-aes 53500000.aes: OMAP AES hw accel rev: 3.2\r\n[    4.431379] omap-aes 53500000.aes: will run requests pump with realtime priority\r\n[    4.443677] omap-sham 53100000.sham: hw accel on OMAP rev 4.3\r\n'.
OnReply::TSCmd_WaitOnReply(DEBUG): "[    4.452002] usbcore: registered new interface driver usbhid\r\n[    4.457982] usbhid: USB HID core driver\r\n[    4.462973]  remoteproc0: wkup_m3 is available\r\n[    4.467736]  remoteproc0: Note: remoteproc is still under development and considered experimental.\r\n[    4.477165]  remoteproc0: THE BINARY FORMAT IS NOT YET FINALIZED, and backward compatibility isn't yet guaranteed.\r\n[    4.488274]  remoteproc0: Direct firmware load for msc-nR-am335x-pm-firmware.elf failed with error -2\r\n[    4.498043]  remoteproc0: Falling back to user helper\r\n[    4.508049] oprofile: using arm/armv7\r\n[    4.512833] Initializing XFRM netlink socket\r\n[    4.518040] NET: Registered protocol family 17\r\n[    4.522742] NET: Registered protocol family 15\r\n[    4.527509] can: controller area network core (rev 20120528 abi 9)\r\n[    4.534274] NET: Registered protocol family 29\r\n[    4.539120] 8021q: 802.1Q VLAN Support v1.8\r\n[    4.543622] Key type dns_resolver registered\r\n[    4.548353] /usr/src/kernel/arch/arm/mach-omap2/board-nanoRISC-am335x.c set_display_spread 88: DISPL_PLL_SPREAD_SPECTRUM\r\n[    4.559934] omap_voltage_late_init: Voltage driver support not added\r\n[    4.567026] ThumbEE CPU extension supported.\r\n[    4.571704] Registering SWP/SWPB emulation handler\r\n".
OnReply::TSCmd_WaitOnReply(DEBUG): '[    4.584679] mmc0: host does not support reading read-only switch, assuming write-enable\r\n[    4.593913] omap-gpmc 50000000.gpmc: GPMC revision 6.0\r\n[    4.599455] gpmc_mem_init: disabling cs 0 mapped at 0x0-0x1000000\r\n[    4.606067] mmc0: new high speed SDHC card at address aaaa\r\n[    4.614645] nand: device found, Manufacturer ID: 0xc8, Chip ID: 0xdc\r\n[    4.621478] nand: ESMT NAND 512MiB 3,3V 8-bit\r\n[    4.626077] nand: 512 MiB, SLC, erase size: 128 KiB, page size: 2048, OOB size: 64\r\n[    4.634067] nand: using OMAP_ECC_BCH8_CODE_HW ECC scheme\r\n[    4.640757] mmcblk0: mmc0:aaaa SC16G 14.8 GiB \r\n[    4.646940] 12 ofpart partitions found on MTD device omap2-nand.0\r\n[    4.653399] Creating 12 MTD partitions on "omap2-nand.0":\r\n[    4.659312]  mmcblk0: p1\r\n[    4.663351] 0x000000000000-0x000000020000 : "NAND.spl"\r\n[    4.671103] 0x000000020000-0x000000040000 : "NAND.spl.backup1"\r\n[    4.679744] 0x000000040000-0x000000060000 : "NAND.spl.backup2"\r\n[    4.688359] 0x000000060000-0x000000080000 : "NAND.spl.backup3"\r\n'.
OnReply::TSCmd_WaitOnReply(DEBUG): '[    4.697022] 0x000000080000-0x000000260000 : "NAND.u-boot"\r\n[    4.706000] 0x000000260000-0x000000280000 : "NAND.uboot-env"\r\n[    4.714311] 0x000000280000-0x000000780000 : "NAND.kernel-a"\r\n[    4.724835] 0x000000780000-0x000000c80000 : "NAND.kernel-b"\r\n[    4.735481] 0x000000c80000-0x000000ca0000 : "NAND.devtree-a"\r\n[    4.743768] 0x000000ca0000-0x000000cc0000 : "NAND.devtree-b"\r\n[    4.752280] 0x000000cc0000-0x0000014c0000 : "NAND.mtdoops"\r\n[    4.763938] 0x0000014c0000-0x000020000000 : "NAND.file-system"\r\n'.
OnReply::TSCmd_WaitOnReply(DEBUG): '[    4.979845] omap_i2c 4802a000.i2c: bus 1 rev0.11 at 100 kHz\r\n'.
OnReply::TSCmd_WaitOnReply(DEBUG): '[    5.041390] tps65217 2-0024: TPS65217 ID 0xe version 1.2\r\n[    5.073392] msp430-i2c-core 2-0025: Detected MSP version is 1.1.1.8 [MSP V1.1.1.8 01.07.2014]\r\n[    5.089426] msp430_nr_wdt msp430_nr_wdt: Watchdog timeout set to 60 seconds.\r\n[    5.100908] msp430_nr_wdt msp430_nr_wdt: Watchdog warn timeout set to 30 seconds.\r\n[    5.110486] msp430_nr_wdt msp430_nr_wdt: System start was caused by power-on.\r\n[    5.123072] msp430_nr_rtc msp430_nr_rtc: rtc core: registered msp430_nr_rtc as rtc1\r\n'.
OnReply::TSCmd_WaitOnReply(DEBUG): '[    5.135894] msp430_nr_gpio msp430_nr_gpio: Available gpios: <240..255>.\r\n[    5.143379] Creating 2 MTD partitions on "msp430_nr_flash":\r\n[    5.149517] 0x000000000000-0x000000000080 : "MSP430-flash.boardinfo"\r\n[    5.158404] 0x000000000080-0x0000000000c0 : "MSP430-flash.user"\r\n[    5.167957] omap_i2c 4819c000.i2c: bus 2 rev0.11 at 100 kHz\r\n'.
OnReply::TSCmd_WaitOnReply(DEBUG): '[    5.259364] /usr/src/kernel/drivers/misc/boarddata.c serial_number=1017353207\r\n[    5.295647] /usr/src/kernel/drivers/misc/boarddata.c product_name=msc-nR-am335x\r\n[    5.306084] /usr/src/kernel/drivers/misc/boarddata.c variant_key=002\r\n[    5.315534] /usr/src/kernel/drivers/misc/boarddata.c feature_key=053\r\n[    5.324050] /usr/src/kernel/drivers/misc/boarddata.c revision=not defined\r\n'.
OnReply::TSCmd_WaitOnReply(DEBUG): '[    5.335195] msp430_nr_rtc msp430_nr_rtc: setting system clock to 1970-01-01 00:00:32 UTC (32)\r\n[    5.344711] ALSA device list:\r\n[    5.347924]   No soundcards found.\r\n[    5.353575] Freeing unused kernel memory: 1024K\r\n\rINIT: version 2.88 booting\r\r\n'.
OnReply::TSCmd_WaitOnReply(DEBUG): 'Starting udev\r\n'.
OnReply::TSCmd_WaitOnReply(DEBUG): '[    5.756523] udevd[1011]: starting version 3.2.5\r\n[    5.787256] udevd[1012]: starting eudev-3.2.5\r\n'.
OnReply::TSCmd_WaitOnReply(DEBUG): '[    5.964056] 47401300.usb-phy supply vcc not found, using dummy regulator\r\n'.
OnReply::TSCmd_WaitOnReply(DEBUG): '[    6.043923] 47401b00.usb-phy supply vcc not found, using dummy regulator\r\n'.
OnReply::TSCmd_WaitOnReply(DEBUG): '[    6.571665]  remoteproc0: powering up wkup_m3\r\n[    6.587368]  remoteproc0: Direct firmware load for msc-nR-am335x-pm-firmware.elf failed with error -2\r\n[    6.597194]  remoteproc0: Falling back to user helper\r\n'.
OnReply::TSCmd_WaitOnReply(DEBUG): '[    6.932465] musb-hdrc musb-hdrc.0.auto: MUSB HDRC host driver\r\n[    6.960409] musb-hdrc musb-hdrc.0.auto: new USB bus registered, assigned bus number 1\r\n'.
OnReply::TSCmd_WaitOnReply(DEBUG): '[    6.994367] usb usb1: New USB device found, idVendor=1d6b, idProduct=0002\r\n[    7.001661] usb usb1: New USB device strings: Mfr=3, Product=2, SerialNumber=1\r\n[    7.009261] usb usb1: Product: MUSB HDRC host driver\r\n[    7.014462] usb usb1: Manufacturer: Linux 4.9.58-g1ccdcba1f5 musb-hcd\r\n[    7.021230] usb usb1: SerialNumber: musb-hdrc.0.auto\r\n[    7.042058]  remoteproc0: request_firmware failed: -11\r\n[    7.047619] wkup_m3_ipc 44e11324.wkup_m3_ipc: rproc_boot failed\r\n[    7.059900] hub 1-0:1.0: USB hub found\r\n[    7.063917] hub 1-0:1.0: 1 port detected\r\n[    7.078362] musb-hdrc musb-hdrc.1.auto: MUSB HDRC host driver\r\n'.
OnReply::TSCmd_WaitOnReply(DEBUG): '[    7.085404] musb-hdrc musb-hdrc.1.auto: new USB bus registered, assigned bus number 2\r\n[    7.093901] usb usb2: New USB device found, idVendor=1d6b, idProduct=0002\r\n[    7.101095] usb usb2: New USB device strings: Mfr=3, Product=2, SerialNumber=1\r\n[    7.108696] usb usb2: Product: MUSB HDRC host driver\r\n[    7.113896] usb usb2: Manufacturer: Linux 4.9.58-g1ccdcba1f5 musb-hcd\r\n[    7.120664] usb usb2: SerialNumber: musb-hdrc.1.auto\r\n[    7.127806] hub 2-0:1.0: USB hub found\r\n[    7.131812] hub 2-0:1.0: 1 port detected\r\n'.
OnReply::TSCmd_WaitOnReply(DEBUG): 'Thu Feb 28 19:07:32 UTC 2019\r\r\n'.
OnReply::TSCmd_WaitOnReply(DEBUG): '[    7.495241] usb 1-1: new high-speed USB device number 2 using musb-hdrc\r\n'.
OnReply::TSCmd_WaitOnReply(DEBUG): '[    7.682200] usb 1-1: New USB device found, idVendor=8564, idProduct=1000\r\n[    7.689389] usb 1-1: New USB device strings: Mfr=1, Product=2, SerialNumber=3\r\n[    7.696890] usb 1-1: Product: Mass Storage Device\r\n[    7.701817] usb 1-1: Manufacturer: JetFlash\r\n[    7.706221] usb 1-1: SerialNumber: 5ERQI9T2\r\n[    7.743940] usb-storage 1-1:1.0: USB Mass Storage device detected\r\n'.
OnReply::TSCmd_WaitOnReply(DEBUG): '[    7.765773] scsi host0: usb-storage 1-1:1.0\r\n'.
OnReply::TSCmd_WaitOnReply(DEBUG): '\rINIT: Entering runlevel: 5\r\r\r\n[    8.515259] usb 2-1: new high-speed USB device number 2 using musb-hdrc\r\n'.
OnReply::TSCmd_WaitOnReply(DEBUG): 'Configuring network interfaces... '.
OnReply::TSCmd_WaitOnReply(DEBUG): 'done.\r\r\nStarting rpcbind daemon...[    8.712161] usb 2-1: New USB device found, idVendor=8564, idProduct=1000\r\n[    8.719347] usb 2-1: New USB device strings: Mfr=1, Product=2, SerialNumber=3\r\n[    8.726851] usb 2-1: Product: Mass Storage Device\r\n[    8.731779] usb 2-1: Manufacturer: JetFlash\r\n[    8.736181] usb 2-1: SerialNumber: L3NF7C39\r\n'.
OnReply::TSCmd_WaitOnReply(DEBUG): 'done.\r\r\n[    8.782996] usb-storage 2-1:1.0: USB Mass Storage device detected\r\n[    8.822506] scsi 0:0:0:0: Direct-Access     JetFlash Transcend 1GB    8.07 PQ: 0 ANSI: 2\r\n[    8.831395] scsi host1: usb-storage 2-1:1.0\r\nStarting watchdog: '.
OnReply::TSCmd_WaitOnReply(DEBUG): '[    8.855326] sd 0:0:0:0: [sda] 1972224 512-byte logical blocks: (1.01 GB/963 MiB)\r\n[    8.870855] sd 0:0:0:0: [sda] Write Protect is off\r\n[    8.879797] sd 0:0:0:0: [sda] No Caching mode page found\r\n[    8.885505] sd 0:0:0:0: [sda] Assuming drive cache: write through\r\n'.
OnReply::TSCmd_WaitOnReply(DEBUG): '\x1b[1;34m[\x1b[1;32m  OK  \x1b[1;34m]\x1b[0;39m\r\r\nstarting statd: done\r\r\n'.
OnReply::TSCmd_WaitOnReply(DEBUG): 'Starting ntpd: [    9.090551]  sda: sda1\r\n[    9.107395] sd 0:0:0:0: [sda] Attached SCSI removable disk\r\ndone\r\r\nStarting syslogd/klogd: '.
OnReply::TSCmd_WaitOnReply(DEBUG): 'done\r\r\n'.
OnReply::TSCmd_WaitOnReply(DEBUG): 'Starting internet superserver: inetd'.
OnReply::TSCmd_WaitOnReply(DEBUG): '.\r\r\n'.
OnReply::TSCmd_WaitOnReply(DEBUG): "USB stack is already loaded. hwtests-am335x-nanorisc-004i-013-800x480-lcd.zip mi[    9.928825] scsi 1:0:0:0: Direct-Access     JetFlash Transcend 4GB    8.07 PQ: 0 ANSI: 4\r\nght not be loaded automatically. Consider setting command line option 'modprobe.blacklist=xhci_pci,ehci_pci,uhci_hcd'\r\r\n".
OnReply::TSCmd_WaitOnReply(DEBUG): "[    9.963363] sd 1:0:0:0: [sdb] 7864320 512-byte logical blocks: (4.03 GB/3.75 GiB)\r\n[    9.982881] sd 1:0:0:0: [sdb] Write Protect is off\r\n[    9.996771] sd 1:0:0:0: [sdb] Write cache: disabled, read cache: enabled, doesn't support DPO or FUA\r\n[   10.022953]  sdb: sdb1\r\n[   10.037830] sd 1:0:0:0: [sdb] Attached SCSI removable disk\r\n".
OnReply::TSCmd_WaitOnReply(DEBUG): '[   10.301015] random: crng init done\r\n'.
OnReply::TSCmd_WaitOnReply(DEBUG): '\r\r\nMSC-LDK LOL99_20180615_V1_3_0-21-g357271e-dirty built on Thu Feb 28 19:07:33 UTC 2019 by @ad89b8ddfc93\r\n\rPoky (Yocto Project Reference Distro) 2.5 am335x-nanorisc-004i-013-800x480-lcd /dev/ttyO3\r\n\r\r\n\ram335x-nanorisc-004i-013-800x480-lcd login: '.
OnReply::TSCmd_WaitOnReply(INFO): found reply [login:]
INFO::LogRecBuff(0): received data:
| boot
| Attempting usb boot...
| starting USB...
| USB0:   Port not available.
| USB1:   scanning bus 1 for devices... 1 USB Device(s) found
|        scanning usb for storage devices... 1 Storage Device(s) found
| 
| USB device 0: 
|     Device 0: Vendor: JetFlash Rev: 8.07 Prod: Transcend 4GB   
|             Type: Removable Hard Disk
|             Capacity: 3840.0 MB = 3.7 GB (7864320 x 512)
| ... is now current device
| Loading environment (uEnv.txt) from USB ...
| reading boot/uEnv.txt
| ** Unable to read file boot/uEnv.txt **
| Attempting mmc boot...
| Loading environment (uEnv.txt) from MMC0 ...
| reading /uEnv.txt
| 285 bytes read in 2 ms (138.7 KiB/s)
| Importing environment (uEnv.txt) ...
| Loading linux image (/zImage) from MMC0 ...
| reading /zImage
| 4929432 bytes read in 285 ms (16.5 MiB/s)
| Loading FDT image (dtb/msc-nR-am335x-004-013-boundaryscan.dtb) from MMC0 ...
| reading dtb/msc-nR-am335x-004-013-boundaryscan.dtb
| 35917 bytes read in 10 ms (3.4 MiB/s)
| reading initramfs.zimage
| 32321687 bytes read in 1851 ms (16.7 MiB/s)
| Kernel image @ 0x82000000 [ 0x000000 - 0x4b3798 ]
| ## Loading init Ramdisk from Legacy Image at 85000000 ...
|    Image Name:   Ramdisk Image
|    Created:      2019-02-28  19:10:38 UTC
|    Image Type:   ARM Linux RAMDisk Image (gzip compressed)
|    Data Size:    32321623 Bytes = 30.8 MiB
|    Load Address: 00000000
|    Entry Point:  00000000
|    Verifying Checksum ... OK
| ## Flattened Device Tree blob at 81000000
|    Booting using the fdt blob at 0x81000000
|    Using Device Tree in place at 81000000, end 8100bc4c
| 
| Starting kernel ...
| 
| [    0.000000] Booting Linux on physical CPU 0x0
| [    0.000000] Linux version 4.9.58-g1ccdcba1f5 (oe-user@oe-host) (gcc version 7.3.0 (GCC) ) #1 SMP Wed Feb 27 15:45:20 UTC 2019
| [    0.000000] CPU: ARMv7 Processor [413fc082] revision 2 (ARMv7), cr=10c5387d
| [    0.000000] CPU: PIPT / VIPT nonaliasing data cache, VIPT aliasing instruction cache
| [    0.000000] OF: fdt:Machine model: MSC AM335x nanoRISC
| [    0.000000] cma: Reserved 24 MiB at 0x8e000000
| [    0.000000] Memory policy: Data cache writeback
| [    0.000000] CPU: All CPU(s) started in SVC mode.
| [    0.000000] AM335X ES2.1 (sgx neon)
| [    0.000000] percpu: Embedded 14 pages/cpu @cfbc1000 s26124 r8192 d23028 u57344
| [    0.000000] Built 1 zonelists in Zone order, mobility grouping on.  Total pages: 64516
| [    0.000000] Kernel command line: console=ttyO3,115200n8 root=/dev/ram0 rw rootfstype=
| [    0.000000] PID hash table entries: 1024 (order: 0, 4096 bytes)
| [    0.000000] Dentry cache hash table entries: 32768 (order: 5, 131072 bytes)
| [    0.000000] Inode-cache hash table entries: 16384 (order: 4, 65536 bytes)
| [    0.000000] Memory: 190400K/260096K available (7168K kernel code, 490K rwdata, 1916K rodata, 1024K init, 271K bss, 45120K reserved, 24576K cma-reserved, 0K highmem)
| [    0.000000] Virtual kernel memory layout:
| [    0.000000]     vector  : 0xffff0000 - 0xffff1000   (   4 kB)
| [    0.000000]     fixmap  : 0xffc00000 - 0xfff00000   (3072 kB)
| [    0.000000]     vmalloc : 0xd0000000 - 0xff800000   ( 760 MB)
| [    0.000000]     lowmem  : 0xc0000000 - 0xcfe00000   ( 254 MB)
| [    0.000000]     pkmap   : 0xbfe00000 - 0xc0000000   (   2 MB)
| [    0.000000]     modules : 0xbf000000 - 0xbfe00000   (  14 MB)
| [    0.000000]       .text : 0xc0008000 - 0xc0800000   (8160 kB)
| [    0.000000]       .init : 0xc0a00000 - 0xc0b00000   (1024 kB)
| [    0.000000]       .data : 0xc0b00000 - 0xc0b7a9a8   ( 491 kB)
| [    0.000000]        .bss : 0xc0b7c000 - 0xc0bbfc9c   ( 272 kB)
| [    0.000000] Hierarchical RCU implementation.
| [    0.000000] 	Build-time adjustment of leaf fanout to 32.
| [    0.000000] 	RCU restricting CPUs from NR_CPUS=2 to nr_cpu_ids=1.
| [    0.000000] RCU: Adjusting geometry for rcu_fanout_leaf=32, nr_cpu_ids=1
| [    0.000000] NR_IRQS:16 nr_irqs:16 16
| [    0.000000] IRQ: Found an INTC at 0xfa200000 (revision 5.0) with 128 interrupts
| [    0.000000] OMAP clockevent source: timer2 at 24000000 Hz
| [    0.000016] sched_clock: 32 bits at 24MHz, resolution 41ns, wraps every 89478484971ns
| [    0.000040] clocksource: timer1: mask: 0xffffffff max_cycles: 0xffffffff, max_idle_ns: 79635851949 ns
| [    0.000053] OMAP clocksource: timer1 at 24000000 Hz
| [    0.000659] clocksource_probe: no matching clocksources found
| [    0.000995] Console: colour dummy device 80x30
| [    0.001030] Calibrating delay loop... 795.44 BogoMIPS (lpj=3977216)
| [    0.088994] pid_max: default: 32768 minimum: 301
| [    0.089125] Security Framework initialized
| [    0.089190] Mount-cache hash table entries: 1024 (order: 0, 4096 bytes)
| [    0.089202] Mountpoint-cache hash table entries: 1024 (order: 0, 4096 bytes)
| [    0.089940] CPU: Testing write buffer coherency: ok
| [    0.090361] CPU0: thread -1, cpu 0, socket -1, mpidr 0
| [    0.090426] Setting up static identity map for 0x80100000 - 0x80100070
| [    0.092056] Brought up 1 CPUs
| [    0.092078] SMP: Total of 1 processors activated (795.44 BogoMIPS).
| [    0.092087] CPU: All CPU(s) started in SVC mode.
| [    0.093951] devtmpfs: initialized
| [    0.107656] VFP support v0.3: implementor 41 architecture 3 part 30 variant c rev 3
